[    0.000000] Linux version 4.19.90-2106.3.0.0095.oe1.x86_64 (abuild@ecs-obsworker-0015) (gcc version 7.3.0 (GCC)) #1 SMP Wed Jun 23 15:18:59 UTC 2021
[    0.000000] Command line: BOOT_IMAGE=/vmlinuz-4.19.90-2106.3.0.0095.oe1.x86_64 root=/dev/mapper/openeuler-root ro resume=/dev/mapper/openeuler-swap rd.lvm.lv=openeuler/root rd.lvm.lv=openeuler/swap crashkernel=512M amd_iommu=on kvm.ignore_msrs=1
[    0.000000] x86/fpu: Supporting XSAVE feature 0x001: 'x87 floating point registers'
[    0.000000] x86/fpu: Supporting XSAVE feature 0x002: 'SSE registers'
[    0.000000] x86/fpu: Supporting XSAVE feature 0x004: 'AVX registers'
[    0.000000] x86/fpu: Supporting XSAVE feature 0x200: 'Protection Keys User registers'
[    0.000000] x86/fpu: xstate_offset[2]:  576, xstate_sizes[2]:  256
[    0.000000] x86/fpu: xstate_offset[9]:  832, xstate_sizes[9]:    8
[    0.000000] x86/fpu: Enabled xstate features 0x207, context size is 840 bytes, using 'compacted' format.
[    0.000000] BIOS-provided physical RAM map:
[    0.000000] BIOS-e820: [mem 0x0000000000000000-0x000000000009ffff] usable
[    0.000000] BIOS-e820: [mem 0x00000000000a0000-0x00000000000fffff] reserved
[    0.000000] BIOS-e820: [mem 0x0000000000100000-0x0000000009bfefff] usable
[    0.000000] BIOS-e820: [mem 0x0000000009bff000-0x0000000009ffffff] reserved
[    0.000000] BIOS-e820: [mem 0x000000000a000000-0x000000000a1fffff] usable
[    0.000000] BIOS-e820: [mem 0x000000000a200000-0x000000000a20efff] ACPI NVS
[    0.000000] BIOS-e820: [mem 0x000000000a20f000-0x000000000affffff] usable
[    0.000000] BIOS-e820: [mem 0x000000000b000000-0x000000000b01ffff] reserved
[    0.000000] BIOS-e820: [mem 0x000000000b020000-0x000000003404dfff] usable
[    0.000000] BIOS-e820: [mem 0x000000003404e000-0x000000003404efff] reserved
[    0.000000] BIOS-e820: [mem 0x000000003404f000-0x00000000340aafff] usable
[    0.000000] BIOS-e820: [mem 0x00000000340ab000-0x00000000340abfff] reserved
[    0.000000] BIOS-e820: [mem 0x00000000340ac000-0x00000000c3d58fff] usable
[    0.000000] BIOS-e820: [mem 0x00000000c3d59000-0x00000000c4089fff] reserved
[    0.000000] BIOS-e820: [mem 0x00000000c408a000-0x00000000c41ecfff] ACPI data
[    0.000000] BIOS-e820: [mem 0x00000000c41ed000-0x00000000c5c8cfff] ACPI NVS
[    0.000000] BIOS-e820: [mem 0x00000000c5c8d000-0x00000000c6bfefff] reserved
[    0.000000] BIOS-e820: [mem 0x00000000c6bff000-0x00000000c7ffffff] usable
[    0.000000] BIOS-e820: [mem 0x00000000c8000000-0x00000000caffffff] reserved
[    0.000000] BIOS-e820: [mem 0x00000000cf000000-0x00000000cfffffff] reserved
[    0.000000] BIOS-e820: [mem 0x00000000f8000000-0x00000000fbffffff] reserved
[    0.000000] BIOS-e820: [mem 0x00000000fd200000-0x00000000fd2fffff] reserved
[    0.000000] BIOS-e820: [mem 0x00000000fd600000-0x00000000fd6fffff] reserved
[    0.000000] BIOS-e820: [mem 0x00000000fea00000-0x00000000fea0ffff] reserved
[    0.000000] BIOS-e820: [mem 0x00000000feb80000-0x00000000fec01fff] reserved
[    0.000000] BIOS-e820: [mem 0x00000000fec10000-0x00000000fec10fff] reserved
[    0.000000] BIOS-e820: [mem 0x00000000fec30000-0x00000000fec30fff] reserved
[    0.000000] BIOS-e820: [mem 0x00000000fed00000-0x00000000fed00fff] reserved
[    0.000000] BIOS-e820: [mem 0x00000000fed40000-0x00000000fed44fff] reserved
[    0.000000] BIOS-e820: [mem 0x00000000fed80000-0x00000000fed8ffff] reserved
[    0.000000] BIOS-e820: [mem 0x00000000fedc2000-0x00000000fedcffff] reserved
[    0.000000] BIOS-e820: [mem 0x00000000fedd4000-0x00000000fedd5fff] reserved
[    0.000000] BIOS-e820: [mem 0x00000000ff000000-0x00000000ffffffff] reserved
[    0.000000] BIOS-e820: [mem 0x0000000100000000-0x0000001fae2fffff] usable
[    0.000000] BIOS-e820: [mem 0x0000001fae300000-0x000000202fffffff] reserved
[    0.000000] NX (Execute Disable) protection: active
[    0.000000] e820: update [mem 0xba9ec018-0xba9f9857] usable ==> usable
[    0.000000] e820: update [mem 0xba9ec018-0xba9f9857] usable ==> usable
[    0.000000] e820: update [mem 0xba9de018-0xba9eb857] usable ==> usable
[    0.000000] e820: update [mem 0xba9de018-0xba9eb857] usable ==> usable
[    0.000000] extended physical RAM map:
[    0.000000] reserve setup_data: [mem 0x0000000000000000-0x000000000009ffff] usable
[    0.000000] reserve setup_data: [mem 0x00000000000a0000-0x00000000000fffff] reserved
[    0.000000] reserve setup_data: [mem 0x0000000000100000-0x0000000009bfefff] usable
[    0.000000] reserve setup_data: [mem 0x0000000009bff000-0x0000000009ffffff] reserved
[    0.000000] reserve setup_data: [mem 0x000000000a000000-0x000000000a1fffff] usable
[    0.000000] reserve setup_data: [mem 0x000000000a200000-0x000000000a20efff] ACPI NVS
[    0.000000] reserve setup_data: [mem 0x000000000a20f000-0x000000000affffff] usable
[    0.000000] reserve setup_data: [mem 0x000000000b000000-0x000000000b01ffff] reserved
[    0.000000] reserve setup_data: [mem 0x000000000b020000-0x000000003404dfff] usable
[    0.000000] reserve setup_data: [mem 0x000000003404e000-0x000000003404efff] reserved
[    0.000000] reserve setup_data: [mem 0x000000003404f000-0x00000000340aafff] usable
[    0.000000] reserve setup_data: [mem 0x00000000340ab000-0x00000000340abfff] reserved
[    0.000000] reserve setup_data: [mem 0x00000000340ac000-0x00000000ba9de017] usable
[    0.000000] reserve setup_data: [mem 0x00000000ba9de018-0x00000000ba9eb857] usable
[    0.000000] reserve setup_data: [mem 0x00000000ba9eb858-0x00000000ba9ec017] usable
[    0.000000] reserve setup_data: [mem 0x00000000ba9ec018-0x00000000ba9f9857] usable
[    0.000000] reserve setup_data: [mem 0x00000000ba9f9858-0x00000000c3d58fff] usable
[    0.000000] reserve setup_data: [mem 0x00000000c3d59000-0x00000000c4089fff] reserved
[    0.000000] reserve setup_data: [mem 0x00000000c408a000-0x00000000c41ecfff] ACPI data
[    0.000000] reserve setup_data: [mem 0x00000000c41ed000-0x00000000c5c8cfff] ACPI NVS
[    0.000000] reserve setup_data: [mem 0x00000000c5c8d000-0x00000000c6bfefff] reserved
[    0.000000] reserve setup_data: [mem 0x00000000c6bff000-0x00000000c7ffffff] usable
[    0.000000] reserve setup_data: [mem 0x00000000c8000000-0x00000000caffffff] reserved
[    0.000000] reserve setup_data: [mem 0x00000000cf000000-0x00000000cfffffff] reserved
[    0.000000] reserve setup_data: [mem 0x00000000f8000000-0x00000000fbffffff] reserved
[    0.000000] reserve setup_data: [mem 0x00000000fd200000-0x00000000fd2fffff] reserved
[    0.000000] reserve setup_data: [mem 0x00000000fd600000-0x00000000fd6fffff] reserved
[    0.000000] reserve setup_data: [mem 0x00000000fea00000-0x00000000fea0ffff] reserved
[    0.000000] reserve setup_data: [mem 0x00000000feb80000-0x00000000fec01fff] reserved
[    0.000000] reserve setup_data: [mem 0x00000000fec10000-0x00000000fec10fff] reserved
[    0.000000] reserve setup_data: [mem 0x00000000fec30000-0x00000000fec30fff] reserved
[    0.000000] reserve setup_data: [mem 0x00000000fed00000-0x00000000fed00fff] reserved
[    0.000000] reserve setup_data: [mem 0x00000000fed40000-0x00000000fed44fff] reserved
[    0.000000] reserve setup_data: [mem 0x00000000fed80000-0x00000000fed8ffff] reserved
[    0.000000] reserve setup_data: [mem 0x00000000fedc2000-0x00000000fedcffff] reserved
[    0.000000] reserve setup_data: [mem 0x00000000fedd4000-0x00000000fedd5fff] reserved
[    0.000000] reserve setup_data: [mem 0x00000000ff000000-0x00000000ffffffff] reserved
[    0.000000] reserve setup_data: [mem 0x0000000100000000-0x0000001fae2fffff] usable
[    0.000000] reserve setup_data: [mem 0x0000001fae300000-0x000000202fffffff] reserved
[    0.000000] efi: EFI v2.70 by American Megatrends
[    0.000000] efi:  ACPI=0xc41ec000  ACPI 2.0=0xc41ec014  SMBIOS=0xc6a16000  SMBIOS 3.0=0xc6a15000  MEMATTR=0xc0d2a118  ESRT=0xc250d398 
[    0.000000] SMBIOS 3.3.0 present.
[    0.000000] DMI: ASUS System Product Name/TUF GAMING B450M-PRO S, BIOS 3202 06/16/2021
[    0.000000] tsc: Fast TSC calibration using PIT
[    0.000000] tsc: Detected 3893.070 MHz processor
[    0.000264] e820: update [mem 0x00000000-0x00000fff] usable ==> reserved
[    0.000265] e820: remove [mem 0x000a0000-0x000fffff] usable
[    0.000271] last_pfn = 0x1fae300 max_arch_pfn = 0x400000000
[    0.000276] MTRR default type: uncachable
[    0.000277] MTRR fixed ranges enabled:
[    0.000277]   00000-9FFFF write-back
[    0.000277]   A0000-BFFFF write-through
[    0.000278]   C0000-DFFFF uncachable
[    0.000278]   E0000-FFFFF write-protect
[    0.000278] MTRR variable ranges enabled:
[    0.000279]   0 base 000000000000 mask FFFF80000000 write-back
[    0.000280]   1 base 000080000000 mask FFFFC0000000 write-back
[    0.000280]   2 base 0000C0000000 mask FFFFF0000000 write-back
[    0.000280]   3 disabled
[    0.000280]   4 disabled
[    0.000281]   5 disabled
[    0.000281]   6 disabled
[    0.000281]   7 disabled
[    0.000282] TOM2: 0000002030000000 aka 131840M
[    0.000707] x86/PAT: Configuration [0-7]: WB  WC  UC- UC  WB  WP  UC- WT  
[    0.000960] e820: update [mem 0xd0000000-0xffffffff] usable ==> reserved
[    0.000965] last_pfn = 0xc8000 max_arch_pfn = 0x400000000
[    0.003594] esrt: Reserving ESRT space from 0x00000000c250d398 to 0x00000000c250d3d0.
[    0.003598] e820: update [mem 0xc250d000-0xc250dfff] usable ==> reserved
[    0.003616] Using GB pages for direct mapping
[    0.003617] BRK [0xbace01000, 0xbace01fff] PGTABLE
[    0.003618] BRK [0xbace02000, 0xbace02fff] PGTABLE
[    0.003619] BRK [0xbace03000, 0xbace03fff] PGTABLE
[    0.003631] BRK [0xbace04000, 0xbace04fff] PGTABLE
[    0.003632] BRK [0xbace05000, 0xbace05fff] PGTABLE
[    0.003632] BRK [0xbace06000, 0xbace06fff] PGTABLE
[    0.003737] BRK [0xbace07000, 0xbace07fff] PGTABLE
[    0.003753] BRK [0xbace08000, 0xbace08fff] PGTABLE
[    0.003767] BRK [0xbace09000, 0xbace09fff] PGTABLE
[    0.003779] BRK [0xbace0a000, 0xbace0afff] PGTABLE
[    0.003803] BRK [0xbace0b000, 0xbace0bfff] PGTABLE
[    0.003828] BRK [0xbace0c000, 0xbace0cfff] PGTABLE
[    0.003979] Secure boot disabled
[    0.003981] RAMDISK: [mem 0x5c751000-0x5e13efff]
[    0.003985] ACPI: Early table checksum verification disabled
[    0.003988] ACPI: RSDP 0x00000000C41EC014 000024 (v02 ALASKA)
[    0.003990] ACPI: XSDT 0x00000000C41EB728 0000CC (v01 ALASKA A M I    01072009 AMI  01000013)
[    0.003994] ACPI: FACP 0x00000000C41DC000 000114 (v06 ALASKA A M I    01072009 AMI  00010013)
[    0.003997] ACPI: DSDT 0x00000000C41D0000 00B1F6 (v02 ALASKA A M I    01072009 INTL 20120913)
[    0.003999] ACPI: FACS 0x00000000C4C72000 000040
[    0.004000] ACPI: IVRS 0x00000000C41EA000 0000D0 (v02 AMD    AmdTable 00000001 AMD  00000001)
[    0.004002] ACPI: SSDT 0x00000000C41E2000 00723C (v02 AMD    MYRTLE   00000002 MSFT 04000000)
[    0.004003] ACPI: SSDT 0x00000000C41DE000 003C43 (v01 AMD    AMD AOD  00000001 INTL 20120913)
[    0.004004] ACPI: SSDT 0x00000000C41DD000 0000C8 (v02 ALASKA CPUSSDT  01072009 AMI  01072009)
[    0.004006] ACPI: FIDT 0x00000000C41CF000 00009C (v01 ALASKA A M I    01072009 AMI  00010013)
[    0.004007] ACPI: FPDT 0x00000000C40D1000 000044 (v01 ALASKA A M I    01072009 AMI  01000013)
[    0.004008] ACPI: MCFG 0x00000000C41CD000 00003C (v01 ALASKA A M I    01072009 MSFT 00010013)
[    0.004009] ACPI: HPET 0x00000000C41CC000 000038 (v01 ALASKA A M I    01072009 AMI  00000005)
[    0.004010] ACPI: VFCT 0x00000000C41BD000 00D884 (v01 ALASKA A M I    00000001 AMD  31504F47)
[    0.004012] ACPI: BGRT 0x00000000C41BC000 000038 (v01 ALASKA A M I    01072009 AMI  00010013)
[    0.004013] ACPI: WPBT 0x00000000C40E2000 00003C (v01 ALASKA A M I    00000001 ASUS 00000001)
[    0.004014] ACPI: SSDT 0x00000000C40DE000 003E4C (v02 AMD    AmdTable 00000001 AMD  00000001)
[    0.004015] ACPI: CRAT 0x00000000C40DD000 000B68 (v01 AMD    AmdTable 00000001 AMD  00000001)
[    0.004016] ACPI: CDIT 0x00000000C40DC000 000029 (v01 AMD    AmdTable 00000001 AMD  00000001)
[    0.004017] ACPI: SSDT 0x00000000C40DB000 000D53 (v01 AMD    MYRTLEG2 00000001 INTL 20120913)
[    0.004019] ACPI: SSDT 0x00000000C40D9000 0010AC (v01 AMD    MYRTLEPX 00000001 INTL 20120913)
[    0.004020] ACPI: SSDT 0x00000000C40D8000 00022A (v01 AMD    MYRTLEGP 00000001 INTL 20120913)
[    0.004021] ACPI: SSDT 0x00000000C40D4000 00381A (v01 AMD    MYRTLE   00000001 INTL 20120913)
[    0.004022] ACPI: SSDT 0x00000000C40D3000 0000BF (v01 AMD    AmdTable 00001000 INTL 20120913)
[    0.004023] ACPI: APIC 0x00000000C40D2000 00015E (v03 ALASKA A M I    01072009 AMI  00010013)
[    0.004025] ACPI: Reserving FACP table memory at [mem 0xc41dc000-0xc41dc113]
[    0.004025] ACPI: Reserving DSDT table memory at [mem 0xc41d0000-0xc41db1f5]
[    0.004026] ACPI: Reserving FACS table memory at [mem 0xc4c72000-0xc4c7203f]
[    0.004026] ACPI: Reserving IVRS table memory at [mem 0xc41ea000-0xc41ea0cf]
[    0.004027] ACPI: Reserving SSDT table memory at [mem 0xc41e2000-0xc41e923b]
[    0.004027] ACPI: Reserving SSDT table memory at [mem 0xc41de000-0xc41e1c42]
[    0.004028] ACPI: Reserving SSDT table memory at [mem 0xc41dd000-0xc41dd0c7]
[    0.004028] ACPI: Reserving FIDT table memory at [mem 0xc41cf000-0xc41cf09b]
[    0.004029] ACPI: Reserving FPDT table memory at [mem 0xc40d1000-0xc40d1043]
[    0.004029] ACPI: Reserving MCFG table memory at [mem 0xc41cd000-0xc41cd03b]
[    0.004030] ACPI: Reserving HPET table memory at [mem 0xc41cc000-0xc41cc037]
[    0.004030] ACPI: Reserving VFCT table memory at [mem 0xc41bd000-0xc41ca883]
[    0.004031] ACPI: Reserving BGRT table memory at [mem 0xc41bc000-0xc41bc037]
[    0.004031] ACPI: Reserving WPBT table memory at [mem 0xc40e2000-0xc40e203b]
[    0.004032] ACPI: Reserving SSDT table memory at [mem 0xc40de000-0xc40e1e4b]
[    0.004032] ACPI: Reserving CRAT table memory at [mem 0xc40dd000-0xc40ddb67]
[    0.004033] ACPI: Reserving CDIT table memory at [mem 0xc40dc000-0xc40dc028]
[    0.004033] ACPI: Reserving SSDT table memory at [mem 0xc40db000-0xc40dbd52]
[    0.004034] ACPI: Reserving SSDT table memory at [mem 0xc40d9000-0xc40da0ab]
[    0.004035] ACPI: Reserving SSDT table memory at [mem 0xc40d8000-0xc40d8229]
[    0.004035] ACPI: Reserving SSDT table memory at [mem 0xc40d4000-0xc40d7819]
[    0.004036] ACPI: Reserving SSDT table memory at [mem 0xc40d3000-0xc40d30be]
[    0.004036] ACPI: Reserving APIC table memory at [mem 0xc40d2000-0xc40d215d]
[    0.004048] ACPI: Local APIC address 0xfee00000
[    0.004111] No NUMA configuration found
[    0.004111] Faking a node at [mem 0x0000000000000000-0x0000001fae2fffff]
[    0.004119] NODE_DATA(0) allocated [mem 0x1fae2d6000-0x1fae2fffff]
[    0.004216] Reserving 512MB of memory at 320MB for crashkernel (System RAM: 128815MB)
[    0.004276] Zone ranges:
[    0.004277]   DMA      [mem 0x0000000000001000-0x0000000000ffffff]
[    0.004278]   DMA32    [mem 0x0000000001000000-0x00000000ffffffff]
[    0.004278]   Normal   [mem 0x0000000100000000-0x0000001fae2fffff]
[    0.004279]   Device   empty
[    0.004280] Movable zone start for each node
[    0.004281] Early memory node ranges
[    0.004281]   node   0: [mem 0x0000000000001000-0x000000000009ffff]
[    0.004282]   node   0: [mem 0x0000000000100000-0x0000000009bfefff]
[    0.004282]   node   0: [mem 0x000000000a000000-0x000000000a1fffff]
[    0.004283]   node   0: [mem 0x000000000a20f000-0x000000000affffff]
[    0.004283]   node   0: [mem 0x000000000b020000-0x000000003404dfff]
[    0.004283]   node   0: [mem 0x000000003404f000-0x00000000340aafff]
[    0.004284]   node   0: [mem 0x00000000340ac000-0x00000000c3d58fff]
[    0.004284]   node   0: [mem 0x00000000c6bff000-0x00000000c7ffffff]
[    0.004284]   node   0: [mem 0x0000000100000000-0x0000001fae2fffff]
[    0.004505] Zeroed struct page in unavailable ranges: 20537 pages
[    0.004507] Initmem setup node 0 [mem 0x0000000000001000-0x0000001fae2fffff]
[    0.004508] On node 0 totalpages: 32976839
[    0.004509]   DMA zone: 64 pages used for memmap
[    0.004509]   DMA zone: 24 pages reserved
[    0.004510]   DMA zone: 3999 pages, LIFO batch:0
[    0.004566]   DMA32 zone: 12533 pages used for memmap
[    0.004566]   DMA32 zone: 802088 pages, LIFO batch:63
[    0.016309]   Normal zone: 502668 pages used for memmap
[    0.016312]   Normal zone: 32170752 pages, LIFO batch:63
[    0.017168] ACPI: PM-Timer IO Port: 0x808
[    0.017170] ACPI: Local APIC address 0xfee00000
[    0.017175] ACPI: LAPIC_NMI (acpi_id[0xff] high edge lint[0x1])
[    0.017186] IOAPIC[0]: apic_id 13, version 33, address 0xfec00000, GSI 0-23
[    0.017191] IOAPIC[1]: apic_id 14, version 33, address 0xfec01000, GSI 24-55
[    0.017192] ACPI: INT_SRC_OVR (bus 0 bus_irq 0 global_irq 2 dfl dfl)
[    0.017193] ACPI: INT_SRC_OVR (bus 0 bus_irq 9 global_irq 9 low level)
[    0.017194] ACPI: IRQ0 used by override.
[    0.017194] ACPI: IRQ9 used by override.
[    0.017195] Using ACPI (MADT) for SMP configuration information
[    0.017197] ACPI: HPET id: 0x10228201 base: 0xfed00000
[    0.017205] e820: update [mem 0xc0696000-0xc0789fff] usable ==> reserved
[    0.017216] smpboot: Allowing 32 CPUs, 20 hotplug CPUs
[    0.017239] PM: Registered nosave memory: [mem 0x00000000-0x00000fff]
[    0.017240] PM: Registered nosave memory: [mem 0x000a0000-0x000fffff]
[    0.017241] PM: Registered nosave memory: [mem 0x09bff000-0x09ffffff]
[    0.017242] PM: Registered nosave memory: [mem 0x0a200000-0x0a20efff]
[    0.017243] PM: Registered nosave memory: [mem 0x0b000000-0x0b01ffff]
[    0.017244] PM: Registered nosave memory: [mem 0x3404e000-0x3404efff]
[    0.017245] PM: Registered nosave memory: [mem 0x340ab000-0x340abfff]
[    0.017246] PM: Registered nosave memory: [mem 0xba9de000-0xba9defff]
[    0.017247] PM: Registered nosave memory: [mem 0xba9eb000-0xba9ebfff]
[    0.017248] PM: Registered nosave memory: [mem 0xba9ec000-0xba9ecfff]
[    0.017249] PM: Registered nosave memory: [mem 0xba9f9000-0xba9f9fff]
[    0.017250] PM: Registered nosave memory: [mem 0xc0696000-0xc0789fff]
[    0.017251] PM: Registered nosave memory: [mem 0xc250d000-0xc250dfff]
[    0.017252] PM: Registered nosave memory: [mem 0xc3d59000-0xc4089fff]
[    0.017252] PM: Registered nosave memory: [mem 0xc408a000-0xc41ecfff]
[    0.017253] PM: Registered nosave memory: [mem 0xc41ed000-0xc5c8cfff]
[    0.017253] PM: Registered nosave memory: [mem 0xc5c8d000-0xc6bfefff]
[    0.017254] PM: Registered nosave memory: [mem 0xc8000000-0xcaffffff]
[    0.017254] PM: Registered nosave memory: [mem 0xcb000000-0xceffffff]
[    0.017255] PM: Registered nosave memory: [mem 0xcf000000-0xcfffffff]
[    0.017255] PM: Registered nosave memory: [mem 0xd0000000-0xf7ffffff]
[    0.017256] PM: Registered nosave memory: [mem 0xf8000000-0xfbffffff]
[    0.017256] PM: Registered nosave memory: [mem 0xfc000000-0xfd1fffff]
[    0.017256] PM: Registered nosave memory: [mem 0xfd200000-0xfd2fffff]
[    0.017257] PM: Registered nosave memory: [mem 0xfd300000-0xfd5fffff]
[    0.017257] PM: Registered nosave memory: [mem 0xfd600000-0xfd6fffff]
[    0.017257] PM: Registered nosave memory: [mem 0xfd700000-0xfe9fffff]
[    0.017258] PM: Registered nosave memory: [mem 0xfea00000-0xfea0ffff]
[    0.017258] PM: Registered nosave memory: [mem 0xfea10000-0xfeb7ffff]
[    0.017258] PM: Registered nosave memory: [mem 0xfeb80000-0xfec01fff]
[    0.017259] PM: Registered nosave memory: [mem 0xfec02000-0xfec0ffff]
[    0.017259] PM: Registered nosave memory: [mem 0xfec10000-0xfec10fff]
[    0.017259] PM: Registered nosave memory: [mem 0xfec11000-0xfec2ffff]
[    0.017260] PM: Registered nosave memory: [mem 0xfec30000-0xfec30fff]
[    0.017260] PM: Registered nosave memory: [mem 0xfec31000-0xfecfffff]
[    0.017260] PM: Registered nosave memory: [mem 0xfed00000-0xfed00fff]
[    0.017261] PM: Registered nosave memory: [mem 0xfed01000-0xfed3ffff]
[    0.017261] PM: Registered nosave memory: [mem 0xfed40000-0xfed44fff]
[    0.017261] PM: Registered nosave memory: [mem 0xfed45000-0xfed7ffff]
[    0.017262] PM: Registered nosave memory: [mem 0xfed80000-0xfed8ffff]
[    0.017262] PM: Registered nosave memory: [mem 0xfed90000-0xfedc1fff]
[    0.017262] PM: Registered nosave memory: [mem 0xfedc2000-0xfedcffff]
[    0.017263] PM: Registered nosave memory: [mem 0xfedd0000-0xfedd3fff]
[    0.017263] PM: Registered nosave memory: [mem 0xfedd4000-0xfedd5fff]
[    0.017263] PM: Registered nosave memory: [mem 0xfedd6000-0xfeffffff]
[    0.017264] PM: Registered nosave memory: [mem 0xff000000-0xffffffff]
[    0.017265] [mem 0xd0000000-0xf7ffffff] available for PCI devices
[    0.017266] Booting paravirtualized kernel on bare hardware
[    0.017269] clocksource: refined-jiffies: mask: 0xffffffff max_cycles: 0xffffffff, max_idle_ns: 1910969940391419 ns
[    0.019702] random: get_random_bytes called from start_kernel+0x94/0x541 with crng_init=0
[    0.019707] setup_percpu: NR_CPUS:8192 nr_cpumask_bits:32 nr_cpu_ids:32 nr_node_ids:1
[    0.020405] percpu: Embedded 46 pages/cpu s151552 r8192 d28672 u262144
[    0.020410] pcpu-alloc: s151552 r8192 d28672 u262144 alloc=1*2097152
[    0.020411] pcpu-alloc: [0] 00 01 02 03 04 05 06 07 [0] 08 09 10 11 12 13 14 15 
[    0.020412] pcpu-alloc: [0] 16 17 18 19 20 21 22 23 [0] 24 25 26 27 28 29 30 31 
[    0.020436] Built 1 zonelists, mobility grouping on.  Total pages: 32461550
[    0.020436] Policy zone: Normal
[    0.020437] Kernel command line: BOOT_IMAGE=/vmlinuz-4.19.90-2106.3.0.0095.oe1.x86_64 root=/dev/mapper/openeuler-root ro resume=/dev/mapper/openeuler-swap rd.lvm.lv=openeuler/root rd.lvm.lv=openeuler/swap crashkernel=512M amd_iommu=on kvm.ignore_msrs=1
[    0.045624] Memory: 2664508K/131907356K available (12300K kernel code, 2502K rwdata, 3720K rodata, 2380K init, 5928K bss, 2792648K reserved, 0K cma-reserved)
[    0.045690] SLUB: HWalign=64, Order=0-3, MinObjects=0, CPUs=32, Nodes=1
[    0.045700] ftrace: allocating 35959 entries in 141 pages
[    0.057844] rcu: Hierarchical RCU implementation.
[    0.057845] rcu: 	RCU restricting CPUs from NR_CPUS=8192 to nr_cpu_ids=32.
[    0.057846] rcu: Adjusting geometry for rcu_fanout_leaf=16, nr_cpu_ids=32
[    0.059122] NR_IRQS: 524544, nr_irqs: 1224, preallocated irqs: 16
[    0.059329] Console: colour dummy device 80x25
[    0.059493] console [tty0] enabled
[    0.059503] ACPI: Core revision 20180810
[    0.059688] clocksource: hpet: mask: 0xffffffff max_cycles: 0xffffffff, max_idle_ns: 133484873504 ns
[    0.059703] hpet clockevent registered
[    0.059706] APIC: Switch to symmetric I/O mode setup
[    0.159530] Switched APIC routing to physical flat.
[    0.160151] ..TIMER: vector=0x30 apic1=0 pin1=2 apic2=-1 pin2=-1
[    0.164703] clocksource: tsc-early: mask: 0xffffffffffffffff max_cycles: 0x703b919de9b, max_idle_ns: 881591182852 ns
[    0.164713] Calibrating delay loop (skipped), value calculated using timer frequency.. 7786.14 BogoMIPS (lpj=3893070)
[    0.164715] pid_max: default: 32768 minimum: 301
[    0.165249] Security Framework initialized
[    0.165251] Yama: becoming mindful.
[    0.165254] SELinux:  Initializing.
[    0.171694] Dentry cache hash table entries: 8388608 (order: 14, 67108864 bytes)
[    0.174756] Inode-cache hash table entries: 4194304 (order: 13, 33554432 bytes)
[    0.174868] Mount-cache hash table entries: 131072 (order: 8, 1048576 bytes)
[    0.174964] Mountpoint-cache hash table entries: 131072 (order: 8, 1048576 bytes)
[    0.175140] x86/cpu: Activated the Intel User Mode Instruction Prevention (UMIP) CPU feature
[    0.175170] LVT offset 1 assigned for vector 0xf9
[    0.175240] LVT offset 2 assigned for vector 0xf4
[    0.175254] Last level iTLB entries: 4KB 512, 2MB 512, 4MB 256
[    0.175255] Last level dTLB entries: 4KB 2048, 2MB 2048, 4MB 1024, 1GB 0
[    0.175257] Spectre V1 : Mitigation: usercopy/swapgs barriers and __user pointer sanitization
[    0.175259] Spectre V2 : Mitigation: Full AMD retpoline
[    0.175260] Spectre V2 : Spectre v2 / SpectreRSB mitigation: Filling RSB on context switch
[    0.175261] Spectre V2 : Enabling Restricted Speculation for firmware calls
[    0.175267] Spectre V2 : mitigation: Enabling conditional Indirect Branch Prediction Barrier
[    0.175268] Spectre V2 : User space: Mitigation: STIBP always-on protection
[    0.175270] Speculative Store Bypass: Mitigation: Speculative Store Bypass disabled via prctl and seccomp
[    0.178873] Freeing SMP alternatives memory: 36K
[    0.283661] smpboot: CPU0: AMD Ryzen 5 5600G with Radeon Graphics (family: 0x19, model: 0x50, stepping: 0x0)
[    0.283705] Performance Events: 
[    0.283705] core perfctr but no constraints; unknown hardware!
[    0.283705] no PMU driver, software events only.
[    0.283705] rcu: Hierarchical SRCU implementation.
[    0.283705] smp: Bringing up secondary CPUs ...
[    0.283767] x86: Booting SMP configuration:
[    0.283768] .... node  #0, CPUs:        #1
[    0.099400] x86/cpu: Activated the Intel User Mode Instruction Prevention (UMIP) CPU feature
[    0.285765]   #2
[    0.099400] x86/cpu: Activated the Intel User Mode Instruction Prevention (UMIP) CPU feature
[    0.286765]   #3
[    0.099400] x86/cpu: Activated the Intel User Mode Instruction Prevention (UMIP) CPU feature
[    0.287754]   #4
[    0.099400] x86/cpu: Activated the Intel User Mode Instruction Prevention (UMIP) CPU feature
[    0.289748]   #5
[    0.099400] x86/cpu: Activated the Intel User Mode Instruction Prevention (UMIP) CPU feature
[    0.290750]   #6
[    0.099400] x86/cpu: Activated the Intel User Mode Instruction Prevention (UMIP) CPU feature
[    0.291838] Spectre V2 : Update user space SMT mitigation: STIBP always-on
[    0.291838]   #7
[    0.099400] x86/cpu: Activated the Intel User Mode Instruction Prevention (UMIP) CPU feature
[    0.292750]   #8
[    0.099400] x86/cpu: Activated the Intel User Mode Instruction Prevention (UMIP) CPU feature
[    0.293748]   #9
[    0.099400] x86/cpu: Activated the Intel User Mode Instruction Prevention (UMIP) CPU feature
[    0.295749]  #10
[    0.099400] x86/cpu: Activated the Intel User Mode Instruction Prevention (UMIP) CPU feature
[    0.296748]  #11
[    0.099400] x86/cpu: Activated the Intel User Mode Instruction Prevention (UMIP) CPU feature
[    0.297714] smp: Brought up 1 node, 12 CPUs
[    0.297716] smpboot: Max logical packages: 3
[    0.297717] smpboot: Total of 12 processors activated (93433.68 BogoMIPS)
[    0.998220] node 0 initialised, 31612550 pages in 700ms
[    1.000084] devtmpfs: initialized
[    1.000084] x86/mm: Memory block size: 128MB
[    1.010579] PM: Registering ACPI NVS region [mem 0x0a200000-0x0a20efff] (61440 bytes)
[    1.010579] PM: Registering ACPI NVS region [mem 0xc41ed000-0xc5c8cfff] (27918336 bytes)
[    1.010916] clocksource: jiffies: mask: 0xffffffff max_cycles: 0xffffffff, max_idle_ns: 1911260446275000 ns
[    1.010927] futex hash table entries: 8192 (order: 7, 524288 bytes)
[    1.011009] pinctrl core: initialized pinctrl subsystem
[    1.011494] NET: Registered protocol family 16
[    1.011554] audit: initializing netlink subsys (disabled)
[    1.011557] audit: type=2000 audit(1686883220.853:1): state=initialized audit_enabled=0 res=1
[    1.011557] cpuidle: using governor menu
[    1.011795] ACPI: bus type PCI registered
[    1.011798] acpiphp: ACPI Hot Plug PCI Controller Driver version: 0.5
[    1.011860] PCI: MMCONFIG for domain 0000 [bus 00-3f] at [mem 0xf8000000-0xfbffffff] (base 0xf8000000)
[    1.011870] PCI: MMCONFIG at [mem 0xf8000000-0xfbffffff] reserved in E820
[    1.011870] PCI: Using configuration type 1 for base access
[    1.013198] HugeTLB registered 1.00 GiB page size, pre-allocated 0 pages
[    1.013198] HugeTLB registered 2.00 MiB page size, pre-allocated 0 pages
[    1.013719] cryptd: max_cpu_qlen set to 1000
[    1.013743] ACPI: Added _OSI(Module Device)
[    1.013745] ACPI: Added _OSI(Processor Device)
[    1.013746] ACPI: Added _OSI(3.0 _SCP Extensions)
[    1.013747] ACPI: Added _OSI(Processor Aggregator Device)
[    1.013748] ACPI: Added _OSI(Linux-Dell-Video)
[    1.013749] ACPI: Added _OSI(Linux-Lenovo-NV-HDMI-Audio)
[    1.018524] ACPI BIOS Error (bug): Failure creating [\_SB.PCI0.GPP0.VGA], AE_ALREADY_EXISTS (20180810/dswload2-316)
[    1.018528] ACPI Error: AE_ALREADY_EXISTS, During name lookup/catalog (20180810/psobject-221)
[    1.018530] ACPI Error: Skip parsing opcode OpcodeName unavailable (20180810/psloop-543)
[    1.018532] ACPI BIOS Error (bug): Failure creating [\_SB.PCI0.GPP0.HDAU], AE_ALREADY_EXISTS (20180810/dswload2-316)
[    1.018534] ACPI Error: AE_ALREADY_EXISTS, During name lookup/catalog (20180810/psobject-221)
[    1.018535] ACPI Error: Skip parsing opcode OpcodeName unavailable (20180810/psloop-543)
[    1.019003] ACPI: 10 ACPI AML tables successfully acquired and loaded
[    1.019863] ACPI: [Firmware Bug]: BIOS _OSI(Linux) query ignored
[    1.020829] ACPI: Interpreter enabled
[    1.020841] ACPI: (supports S0 S3 S4 S5)
[    1.020843] ACPI: Using IOAPIC for interrupt routing
[    1.021016] PCI: Using host bridge windows from ACPI; if necessary, use "pci=nocrs" and report a bug
[    1.021144] ACPI: Enabled 4 GPEs in block 00 to 1F
[    1.024117] ACPI: PCI Root Bridge [PCI0] (domain 0000 [bus 00-ff])
[    1.024117] acpi PNP0A08:00: _OSC: OS supports [ExtendedConfig ASPM ClockPM Segments MSI]
[    1.024117] acpi PNP0A08:00: _OSC: platform does not support [SHPCHotplug LTR]
[    1.024164] acpi PNP0A08:00: _OSC: OS now controls [PCIeHotplug PME AER PCIeCapability]
[    1.024172] acpi PNP0A08:00: [Firmware Info]: MMCONFIG for domain 0000 [bus 00-3f] only partially covers this bridge
[    1.024754] PCI host bridge to bus 0000:00
[    1.024756] pci_bus 0000:00: root bus resource [io  0x0000-0x03af window]
[    1.024757] pci_bus 0000:00: root bus resource [io  0x03e0-0x0cf7 window]
[    1.024758] pci_bus 0000:00: root bus resource [io  0x03b0-0x03df window]
[    1.024759] pci_bus 0000:00: root bus resource [io  0x0d00-0xffff window]
[    1.024760] pci_bus 0000:00: root bus resource [mem 0x000a0000-0x000bffff window]
[    1.024761] pci_bus 0000:00: root bus resource [mem 0x000c0000-0x000dffff window]
[    1.024762] pci_bus 0000:00: root bus resource [mem 0xd0000000-0xf6ffffff window]
[    1.024763] pci_bus 0000:00: root bus resource [mem 0x2030000000-0x7fffffffff window]
[    1.024764] pci_bus 0000:00: root bus resource [bus 00-ff]
[    1.024771] pci 0000:00:00.0: [1022:1630] type 00 class 0x060000
[    1.024838] pci 0000:00:00.2: [1022:1631] type 00 class 0x080600
[    1.024909] pci 0000:00:01.0: [1022:1632] type 00 class 0x060000
[    1.024954] pci 0000:00:01.1: [1022:1633] type 01 class 0x060400
[    1.025004] pci 0000:00:01.1: PME# supported from D0 D3hot D3cold
[    1.025071] pci 0000:00:02.0: [1022:1632] type 00 class 0x060000
[    1.025116] pci 0000:00:02.1: [1022:1634] type 01 class 0x060400
[    1.025141] pci 0000:00:02.1: enabling Extended Tags
[    1.025168] pci 0000:00:02.1: PME# supported from D0 D3hot D3cold
[    1.025212] pci 0000:00:02.2: [1022:1634] type 01 class 0x060400
[    1.025236] pci 0000:00:02.2: enabling Extended Tags
[    1.025263] pci 0000:00:02.2: PME# supported from D0 D3hot D3cold
[    1.025317] pci 0000:00:08.0: [1022:1632] type 00 class 0x060000
[    1.025363] pci 0000:00:08.1: [1022:1635] type 01 class 0x060400
[    1.025386] pci 0000:00:08.1: enabling Extended Tags
[    1.025410] pci 0000:00:08.1: PME# supported from D0 D3hot D3cold
[    1.025448] pci 0000:00:08.2: [1022:1635] type 01 class 0x060400
[    1.025471] pci 0000:00:08.2: enabling Extended Tags
[    1.025495] pci 0000:00:08.2: PME# supported from D0 D3hot D3cold
[    1.025562] pci 0000:00:14.0: [1022:790b] type 00 class 0x0c0500
[    1.025661] pci 0000:00:14.3: [1022:790e] type 00 class 0x060100
[    1.025764] pci 0000:00:18.0: [1022:166a] type 00 class 0x060000
[    1.025792] pci 0000:00:18.1: [1022:166b] type 00 class 0x060000
[    1.025818] pci 0000:00:18.2: [1022:166c] type 00 class 0x060000
[    1.025847] pci 0000:00:18.3: [1022:166d] type 00 class 0x060000
[    1.025878] pci 0000:00:18.4: [1022:166e] type 00 class 0x060000
[    1.025905] pci 0000:00:18.5: [1022:166f] type 00 class 0x060000
[    1.025932] pci 0000:00:18.6: [1022:1670] type 00 class 0x060000
[    1.025961] pci 0000:00:18.7: [1022:1671] type 00 class 0x060000
[    1.026038] pci 0000:01:00.0: [10de:2236] type 00 class 0x030200
[    1.026056] pci 0000:01:00.0: reg 0x10: [mem 0xf4000000-0xf4ffffff]
[    1.026063] pci 0000:01:00.0: reg 0x14: [mem 0x6000000000-0x67ffffffff 64bit pref]
[    1.026070] pci 0000:01:00.0: reg 0x1c: [mem 0x7840000000-0x7841ffffff 64bit pref]
[    1.026129] pci 0000:01:00.0: PME# supported from D0 D3hot
[    1.026153] pci 0000:01:00.0: reg 0xbf0: [mem 0xf5000000-0xf503ffff]
[    1.026154] pci 0000:01:00.0: VF(n) BAR0 space: [mem 0xf5000000-0xf57fffff] (contains BAR0 for 32 VFs)
[    1.026161] pci 0000:01:00.0: reg 0xbf4: [mem 0x6800000000-0x687fffffff 64bit pref]
[    1.026162] pci 0000:01:00.0: VF(n) BAR1 space: [mem 0x6800000000-0x77ffffffff 64bit pref] (contains BAR1 for 32 VFs)
[    1.026168] pci 0000:01:00.0: reg 0xbfc: [mem 0x7800000000-0x7801ffffff 64bit pref]
[    1.026169] pci 0000:01:00.0: VF(n) BAR3 space: [mem 0x7800000000-0x783fffffff 64bit pref] (contains BAR3 for 32 VFs)
[    1.026252] pci 0000:01:00.0: 126.016 Gb/s available PCIe bandwidth, limited by 8 GT/s x16 link at 0000:00:01.1 (capable of 252.048 Gb/s with 16 GT/s x16 link)
[    1.026286] pci 0000:00:01.1: PCI bridge to [bus 01]
[    1.026290] pci 0000:00:01.1:   bridge window [mem 0xf4000000-0xf57fffff]
[    1.026292] pci 0000:00:01.1:   bridge window [mem 0x6000000000-0x7841ffffff 64bit pref]
[    1.026335] pci 0000:02:00.0: [1022:43d5] type 00 class 0x0c0330
[    1.026357] pci 0000:02:00.0: reg 0x10: [mem 0xf5ea0000-0xf5ea7fff 64bit]
[    1.026394] pci 0000:02:00.0: enabling Extended Tags
[    1.026443] pci 0000:02:00.0: PME# supported from D3hot D3cold
[    1.026504] pci 0000:02:00.1: [1022:43c8] type 00 class 0x010601
[    1.026552] pci 0000:02:00.1: reg 0x24: [mem 0xf5e80000-0xf5e9ffff]
[    1.026559] pci 0000:02:00.1: reg 0x30: [mem 0xf5e00000-0xf5e7ffff pref]
[    1.026564] pci 0000:02:00.1: enabling Extended Tags
[    1.026601] pci 0000:02:00.1: PME# supported from D3hot D3cold
[    1.026643] pci 0000:02:00.2: [1022:43c6] type 01 class 0x060400
[    1.026687] pci 0000:02:00.2: enabling Extended Tags
[    1.026728] pci 0000:02:00.2: PME# supported from D3hot D3cold
[    1.026782] pci 0000:00:02.1: PCI bridge to [bus 02-06]
[    1.026785] pci 0000:00:02.1:   bridge window [io  0xf000-0xffff]
[    1.026787] pci 0000:00:02.1:   bridge window [mem 0xf5d00000-0xf5efffff]
[    1.026850] pci 0000:03:00.0: [1022:43c7] type 01 class 0x060400
[    1.026899] pci 0000:03:00.0: enabling Extended Tags
[    1.026947] pci 0000:03:00.0: PME# supported from D3hot D3cold
[    1.027002] pci 0000:03:01.0: [1022:43c7] type 01 class 0x060400
[    1.027051] pci 0000:03:01.0: enabling Extended Tags
[    1.027098] pci 0000:03:01.0: PME# supported from D3hot D3cold
[    1.027153] pci 0000:03:04.0: [1022:43c7] type 01 class 0x060400
[    1.027202] pci 0000:03:04.0: enabling Extended Tags
[    1.027249] pci 0000:03:04.0: PME# supported from D3hot D3cold
[    1.027320] pci 0000:02:00.2: PCI bridge to [bus 03-06]
[    1.027324] pci 0000:02:00.2:   bridge window [io  0xf000-0xffff]
[    1.027327] pci 0000:02:00.2:   bridge window [mem 0xf5d00000-0xf5dfffff]
[    1.027363] pci 0000:03:00.0: PCI bridge to [bus 04]
[    1.027422] pci 0000:05:00.0: [10ec:8125] type 00 class 0x020000
[    1.027464] pci 0000:05:00.0: reg 0x10: [io  0xf000-0xf0ff]
[    1.027495] pci 0000:05:00.0: reg 0x18: [mem 0xf5d00000-0xf5d0ffff 64bit]
[    1.027514] pci 0000:05:00.0: reg 0x20: [mem 0xf5d10000-0xf5d13fff 64bit]
[    1.027638] pci 0000:05:00.0: supports D1 D2
[    1.027638] pci 0000:05:00.0: PME# supported from D0 D1 D2 D3hot D3cold
[    1.027794] pci 0000:03:01.0: PCI bridge to [bus 05]
[    1.027799] pci 0000:03:01.0:   bridge window [io  0xf000-0xffff]
[    1.027801] pci 0000:03:01.0:   bridge window [mem 0xf5d00000-0xf5dfffff]
[    1.027836] pci 0000:03:04.0: PCI bridge to [bus 06]
[    1.027894] pci 0000:07:00.0: [1e4b:1001] type 00 class 0x010802
[    1.027917] pci 0000:07:00.0: reg 0x10: [mem 0xf6000000-0xf6003fff 64bit]
[    1.027991] pci 0000:07:00.0: PME# supported from D0 D3hot
[    1.028047] pci 0000:00:02.2: PCI bridge to [bus 07]
[    1.028051] pci 0000:00:02.2:   bridge window [mem 0xf6000000-0xf60fffff]
[    1.028093] pci 0000:08:00.0: [1002:1638] type 00 class 0x030000
[    1.028109] pci 0000:08:00.0: reg 0x10: [mem 0x7850000000-0x785fffffff 64bit pref]
[    1.028116] pci 0000:08:00.0: reg 0x18: [mem 0x7860000000-0x78601fffff 64bit pref]
[    1.028120] pci 0000:08:00.0: reg 0x20: [io  0xe000-0xe0ff]
[    1.028125] pci 0000:08:00.0: reg 0x24: [mem 0xf5c00000-0xf5c7ffff]
[    1.028132] pci 0000:08:00.0: enabling Extended Tags
[    1.028139] pci 0000:08:00.0: BAR 0: assigned to efifb
[    1.028173] pci 0000:08:00.0: PME# supported from D1 D2 D3hot D3cold
[    1.028193] pci 0000:08:00.0: 126.016 Gb/s available PCIe bandwidth, limited by 8 GT/s x16 link at 0000:00:08.1 (capable of 252.048 Gb/s with 16 GT/s x16 link)
[    1.028220] pci 0000:08:00.1: [1002:1637] type 00 class 0x040300
[    1.028229] pci 0000:08:00.1: reg 0x10: [mem 0xf5c88000-0xf5c8bfff]
[    1.028249] pci 0000:08:00.1: enabling Extended Tags
[    1.028275] pci 0000:08:00.1: PME# supported from D1 D2 D3hot D3cold
[    1.028309] pci 0000:08:00.2: [1022:15df] type 00 class 0x108000
[    1.028323] pci 0000:08:00.2: reg 0x18: [mem 0xf5b00000-0xf5bfffff]
[    1.028332] pci 0000:08:00.2: reg 0x24: [mem 0xf5c8c000-0xf5c8dfff]
[    1.028338] pci 0000:08:00.2: enabling Extended Tags
[    1.028398] pci 0000:08:00.3: [1022:1639] type 00 class 0x0c0330
[    1.028410] pci 0000:08:00.3: reg 0x10: [mem 0xf5a00000-0xf5afffff 64bit]
[    1.028433] pci 0000:08:00.3: enabling Extended Tags
[    1.028461] pci 0000:08:00.3: PME# supported from D0 D3hot D3cold
[    1.028496] pci 0000:08:00.4: [1022:1639] type 00 class 0x0c0330
[    1.028509] pci 0000:08:00.4: reg 0x10: [mem 0xf5900000-0xf59fffff 64bit]
[    1.028531] pci 0000:08:00.4: enabling Extended Tags
[    1.028560] pci 0000:08:00.4: PME# supported from D0 D3hot D3cold
[    1.028593] pci 0000:08:00.6: [1022:15e3] type 00 class 0x040300
[    1.028603] pci 0000:08:00.6: reg 0x10: [mem 0xf5c80000-0xf5c87fff]
[    1.028622] pci 0000:08:00.6: enabling Extended Tags
[    1.028648] pci 0000:08:00.6: PME# supported from D0 D3hot D3cold
[    1.028700] pci 0000:00:08.1: PCI bridge to [bus 08]
[    1.028703] pci 0000:00:08.1:   bridge window [io  0xe000-0xefff]
[    1.028707] pci 0000:00:08.1:   bridge window [mem 0xf5900000-0xf5cfffff]
[    1.028709] pci 0000:00:08.1:   bridge window [mem 0x7850000000-0x78601fffff 64bit pref]
[    1.028737] pci 0000:09:00.0: [1022:7901] type 00 class 0x010601
[    1.028768] pci 0000:09:00.0: reg 0x24: [mem 0xf5f00000-0xf5f007ff]
[    1.028776] pci 0000:09:00.0: enabling Extended Tags
[    1.028825] pci 0000:09:00.0: 126.016 Gb/s available PCIe bandwidth, limited by 8 GT/s x16 link at 0000:00:08.2 (capable of 252.048 Gb/s with 16 GT/s x16 link)
[    1.028858] pci 0000:00:08.2: PCI bridge to [bus 09]
[    1.028861] pci 0000:00:08.2:   bridge window [mem 0xf5f00000-0xf5ffffff]
[    1.029117] ACPI: PCI Interrupt Link [LNKA] (IRQs 4 5 7 10 11 14 15) *0
[    1.029146] ACPI: PCI Interrupt Link [LNKB] (IRQs 4 5 7 10 11 14 15) *0
[    1.029167] ACPI: PCI Interrupt Link [LNKC] (IRQs 4 5 7 10 11 14 15) *0
[    1.029195] ACPI: PCI Interrupt Link [LNKD] (IRQs 4 5 7 10 11 14 15) *0
[    1.029219] ACPI: PCI Interrupt Link [LNKE] (IRQs 4 5 7 10 11 14 15) *0
[    1.029239] ACPI: PCI Interrupt Link [LNKF] (IRQs 4 5 7 10 11 14 15) *0
[    1.029259] ACPI: PCI Interrupt Link [LNKG] (IRQs 4 5 7 10 11 14 15) *0
[    1.029279] ACPI: PCI Interrupt Link [LNKH] (IRQs 4 5 7 10 11 14 15) *0
[    1.029433] pci 0000:08:00.0: vgaarb: VGA device added: decodes=io+mem,owns=none,locks=none
[    1.029433] pci 0000:08:00.0: vgaarb: bridge control possible
[    1.029433] pci 0000:08:00.0: vgaarb: setting as boot device (VGA legacy resources not available)
[    1.029433] vgaarb: loaded
[    1.029433] SCSI subsystem initialized
[    1.029433] ACPI: bus type USB registered
[    1.029433] usbcore: registered new interface driver usbfs
[    1.029433] usbcore: registered new interface driver hub
[    1.029433] usbcore: registered new device driver usb
[    1.029433] pps_core: LinuxPPS API ver. 1 registered
[    1.029433] pps_core: Software ver. 5.3.6 - Copyright 2005-2007 Rodolfo Giometti <giometti@linux.it>
[    1.029433] PTP clock support registered
[    1.029714] EDAC MC: Ver: 3.0.0
[    1.029779] Registered efivars operations
[    1.029779] PCI: Using ACPI for IRQ routing
[    1.031734] PCI: pci_cache_line_size set to 64 bytes
[    1.031785] e820: reserve RAM buffer [mem 0x09bff000-0x0bffffff]
[    1.031785] e820: reserve RAM buffer [mem 0x0a200000-0x0bffffff]
[    1.031786] e820: reserve RAM buffer [mem 0x0b000000-0x0bffffff]
[    1.031786] e820: reserve RAM buffer [mem 0x3404e000-0x37ffffff]
[    1.031786] e820: reserve RAM buffer [mem 0x340ab000-0x37ffffff]
[    1.031787] e820: reserve RAM buffer [mem 0xba9de018-0xbbffffff]
[    1.031787] e820: reserve RAM buffer [mem 0xba9ec018-0xbbffffff]
[    1.031787] e820: reserve RAM buffer [mem 0xc0696000-0xc3ffffff]
[    1.031788] e820: reserve RAM buffer [mem 0xc250d000-0xc3ffffff]
[    1.031788] e820: reserve RAM buffer [mem 0xc3d59000-0xc3ffffff]
[    1.031788] e820: reserve RAM buffer [mem 0x1fae300000-0x1fafffffff]
[    1.031843] NetLabel: Initializing
[    1.031844] NetLabel:  domain hash size = 128
[    1.031845] NetLabel:  protocols = UNLABELED CIPSOv4 CALIPSO
[    1.031855] NetLabel:  unlabeled traffic allowed by default
[    1.031858] hpet0: at MMIO 0xfed00000, IRQs 2, 8, 0
[    1.031858] hpet0: 3 comparators, 32-bit 14.318180 MHz counter
[    1.033723] clocksource: Switched to clocksource tsc-early
[    1.040338] VFS: Disk quotas dquot_6.6.0
[    1.040352] VFS: Dquot-cache hash table entries: 512 (order 0, 4096 bytes)
[    1.040390] pnp: PnP ACPI init
[    1.040438] system 00:00: [mem 0xf8000000-0xfbffffff] has been reserved
[    1.040441] system 00:00: Plug and Play ACPI device, IDs PNP0c01 (active)
[    1.040468] system 00:01: [mem 0x1fb0000000-0x202fffffff window] has been reserved
[    1.040471] system 00:01: Plug and Play ACPI device, IDs PNP0c02 (active)
[    1.040508] pnp 00:02: Plug and Play ACPI device, IDs PNP0b00 (active)
[    1.040584] system 00:03: [io  0x0300-0x030f] has been reserved
[    1.040586] system 00:03: [io  0x0230-0x023f] has been reserved
[    1.040587] system 00:03: [io  0x0290-0x029f] has been reserved
[    1.040589] system 00:03: Plug and Play ACPI device, IDs PNP0c02 (active)
[    1.040736] pnp 00:04: [dma 0 disabled]
[    1.040751] pnp 00:04: Plug and Play ACPI device, IDs PNP0501 (active)
[    1.040845] system 00:05: [io  0x04d0-0x04d1] has been reserved
[    1.040847] system 00:05: [io  0x040b] has been reserved
[    1.040848] system 00:05: [io  0x04d6] has been reserved
[    1.040849] system 00:05: [io  0x0c00-0x0c01] has been reserved
[    1.040850] system 00:05: [io  0x0c14] has been reserved
[    1.040851] system 00:05: [io  0x0c50-0x0c51] has been reserved
[    1.040852] system 00:05: [io  0x0c52] has been reserved
[    1.040853] system 00:05: [io  0x0c6c] has been reserved
[    1.040854] system 00:05: [io  0x0c6f] has been reserved
[    1.040854] system 00:05: [io  0x0cd8-0x0cdf] has been reserved
[    1.040855] system 00:05: [io  0x0800-0x089f] has been reserved
[    1.040856] system 00:05: [io  0x0b00-0x0b0f] has been reserved
[    1.040857] system 00:05: [io  0x0b20-0x0b3f] has been reserved
[    1.040858] system 00:05: [io  0x0900-0x090f] has been reserved
[    1.040859] system 00:05: [io  0x0910-0x091f] has been reserved
[    1.040861] system 00:05: [mem 0xfec00000-0xfec00fff] could not be reserved
[    1.040862] system 00:05: [mem 0xfec01000-0xfec01fff] could not be reserved
[    1.040863] system 00:05: [mem 0xfedc0000-0xfedc0fff] has been reserved
[    1.040864] system 00:05: [mem 0xfee00000-0xfee00fff] has been reserved
[    1.040865] system 00:05: [mem 0xfed80000-0xfed8ffff] could not be reserved
[    1.040866] system 00:05: [mem 0xfec10000-0xfec10fff] has been reserved
[    1.040867] system 00:05: [mem 0xff000000-0xffffffff] has been reserved
[    1.040869] system 00:05: Plug and Play ACPI device, IDs PNP0c02 (active)
[    1.041190] pnp: PnP ACPI: found 6 devices
[    1.046445] clocksource: acpi_pm: mask: 0xffffff max_cycles: 0xffffff, max_idle_ns: 2085701024 ns
[    1.046457] pci 0000:00:01.1: PCI bridge to [bus 01]
[    1.046461] pci 0000:00:01.1:   bridge window [mem 0xf4000000-0xf57fffff]
[    1.046463] pci 0000:00:01.1:   bridge window [mem 0x6000000000-0x7841ffffff 64bit pref]
[    1.046468] pci 0000:03:00.0: PCI bridge to [bus 04]
[    1.046479] pci 0000:03:01.0: PCI bridge to [bus 05]
[    1.046481] pci 0000:03:01.0:   bridge window [io  0xf000-0xffff]
[    1.046486] pci 0000:03:01.0:   bridge window [mem 0xf5d00000-0xf5dfffff]
[    1.046494] pci 0000:03:04.0: PCI bridge to [bus 06]
[    1.046505] pci 0000:02:00.2: PCI bridge to [bus 03-06]
[    1.046507] pci 0000:02:00.2:   bridge window [io  0xf000-0xffff]
[    1.046511] pci 0000:02:00.2:   bridge window [mem 0xf5d00000-0xf5dfffff]
[    1.046518] pci 0000:00:02.1: PCI bridge to [bus 02-06]
[    1.046520] pci 0000:00:02.1:   bridge window [io  0xf000-0xffff]
[    1.046523] pci 0000:00:02.1:   bridge window [mem 0xf5d00000-0xf5efffff]
[    1.046527] pci 0000:00:02.2: PCI bridge to [bus 07]
[    1.046530] pci 0000:00:02.2:   bridge window [mem 0xf6000000-0xf60fffff]
[    1.046535] pci 0000:00:08.1: PCI bridge to [bus 08]
[    1.046537] pci 0000:00:08.1:   bridge window [io  0xe000-0xefff]
[    1.046540] pci 0000:00:08.1:   bridge window [mem 0xf5900000-0xf5cfffff]
[    1.046542] pci 0000:00:08.1:   bridge window [mem 0x7850000000-0x78601fffff 64bit pref]
[    1.046546] pci 0000:00:08.2: PCI bridge to [bus 09]
[    1.046549] pci 0000:00:08.2:   bridge window [mem 0xf5f00000-0xf5ffffff]
[    1.046554] pci_bus 0000:00: resource 4 [io  0x0000-0x03af window]
[    1.046555] pci_bus 0000:00: resource 5 [io  0x03e0-0x0cf7 window]
[    1.046555] pci_bus 0000:00: resource 6 [io  0x03b0-0x03df window]
[    1.046556] pci_bus 0000:00: resource 7 [io  0x0d00-0xffff window]
[    1.046556] pci_bus 0000:00: resource 8 [mem 0x000a0000-0x000bffff window]
[    1.046557] pci_bus 0000:00: resource 9 [mem 0x000c0000-0x000dffff window]
[    1.046557] pci_bus 0000:00: resource 10 [mem 0xd0000000-0xf6ffffff window]
[    1.046558] pci_bus 0000:00: resource 11 [mem 0x2030000000-0x7fffffffff window]
[    1.046559] pci_bus 0000:01: resource 1 [mem 0xf4000000-0xf57fffff]
[    1.046559] pci_bus 0000:01: resource 2 [mem 0x6000000000-0x7841ffffff 64bit pref]
[    1.046560] pci_bus 0000:02: resource 0 [io  0xf000-0xffff]
[    1.046561] pci_bus 0000:02: resource 1 [mem 0xf5d00000-0xf5efffff]
[    1.046561] pci_bus 0000:03: resource 0 [io  0xf000-0xffff]
[    1.046562] pci_bus 0000:03: resource 1 [mem 0xf5d00000-0xf5dfffff]
[    1.046562] pci_bus 0000:05: resource 0 [io  0xf000-0xffff]
[    1.046563] pci_bus 0000:05: resource 1 [mem 0xf5d00000-0xf5dfffff]
[    1.046563] pci_bus 0000:07: resource 1 [mem 0xf6000000-0xf60fffff]
[    1.046564] pci_bus 0000:08: resource 0 [io  0xe000-0xefff]
[    1.046564] pci_bus 0000:08: resource 1 [mem 0xf5900000-0xf5cfffff]
[    1.046565] pci_bus 0000:08: resource 2 [mem 0x7850000000-0x78601fffff 64bit pref]
[    1.046566] pci_bus 0000:09: resource 1 [mem 0xf5f00000-0xf5ffffff]
[    1.046622] NET: Registered protocol family 2
[    1.046787] tcp_listen_portaddr_hash hash table entries: 65536 (order: 8, 1048576 bytes)
[    1.046974] TCP established hash table entries: 524288 (order: 10, 4194304 bytes)
[    1.047395] TCP bind hash table entries: 65536 (order: 8, 1048576 bytes)
[    1.047495] TCP: Hash tables configured (established 524288 bind 65536)
[    1.047559] UDP hash table entries: 65536 (order: 9, 2097152 bytes)
[    1.047793] UDP-Lite hash table entries: 65536 (order: 9, 2097152 bytes)
[    1.048084] NET: Registered protocol family 1
[    1.048089] NET: Registered protocol family 44
[    1.048216] pci 0000:08:00.1: Linked as a consumer to 0000:08:00.0
[    1.048339] PCI: CLS 64 bytes, default 64
[    1.048370] Unpacking initramfs...
[    1.244556] Freeing initrd memory: 26552K
[    1.244576] AMD-Vi: Unable to write to IOMMU perf counter.
[    1.244660] pci 0000:00:00.2: can't derive routing for PCI INT A
[    1.244661] pci 0000:00:00.2: PCI INT A: not connected
[    1.244823] iommu: Adding device 0000:00:01.0 to group 0
[    1.244844] iommu: Adding device 0000:00:01.1 to group 1
[    1.244865] iommu: Adding device 0000:00:02.0 to group 2
[    1.244886] iommu: Adding device 0000:00:02.1 to group 3
[    1.244908] iommu: Adding device 0000:00:02.2 to group 4
[    1.244930] iommu: Adding device 0000:00:08.0 to group 5
[    1.244941] iommu: Adding device 0000:00:08.1 to group 5
[    1.244962] iommu: Adding device 0000:00:08.2 to group 5
[    1.244973] iommu: Adding device 0000:00:14.0 to group 6
[    1.244982] iommu: Adding device 0000:00:14.3 to group 6
[    1.245007] iommu: Adding device 0000:00:18.0 to group 7
[    1.245015] iommu: Adding device 0000:00:18.1 to group 7
[    1.245023] iommu: Adding device 0000:00:18.2 to group 7
[    1.245032] iommu: Adding device 0000:00:18.3 to group 7
[    1.245040] iommu: Adding device 0000:00:18.4 to group 7
[    1.245048] iommu: Adding device 0000:00:18.5 to group 7
[    1.245057] iommu: Adding device 0000:00:18.6 to group 7
[    1.245066] iommu: Adding device 0000:00:18.7 to group 7
[    1.245083] iommu: Adding device 0000:01:00.0 to group 8
[    1.245108] iommu: Adding device 0000:02:00.0 to group 9
[    1.245124] iommu: Adding device 0000:02:00.1 to group 9
[    1.245140] iommu: Adding device 0000:02:00.2 to group 9
[    1.245150] iommu: Adding device 0000:03:00.0 to group 9
[    1.245161] iommu: Adding device 0000:03:01.0 to group 9
[    1.245172] iommu: Adding device 0000:03:04.0 to group 9
[    1.245193] iommu: Adding device 0000:05:00.0 to group 9
[    1.245210] iommu: Adding device 0000:07:00.0 to group 10
[    1.245230] iommu: Adding device 0000:08:00.0 to group 5
[    1.245240] iommu: Adding device 0000:08:00.1 to group 5
[    1.245249] iommu: Adding device 0000:08:00.2 to group 5
[    1.245258] iommu: Adding device 0000:08:00.3 to group 5
[    1.245268] iommu: Adding device 0000:08:00.4 to group 5
[    1.245278] iommu: Adding device 0000:08:00.6 to group 5
[    1.245289] iommu: Adding device 0000:09:00.0 to group 5
[    1.245506] AMD-Vi: Found IOMMU at 0000:00:00.2 cap 0x40
[    1.245508] AMD-Vi: Extended features (0x206d73ef22254ade):
[    1.245509]  PPR X2APIC NX GT IA GA PC GA_vAPIC
[    1.245511] AMD-Vi: Interrupt remapping enabled
[    1.245512] AMD-Vi: virtual APIC enabled
[    1.245512] AMD-Vi: X2APIC enabled
[    1.283260] AMD-Vi: Lazy IO/TLB flushing enabled
[    1.283264] PCI-DMA: Using software bounce buffering for IO (SWIOTLB)
[    1.283266] software IO TLB: mapped [mem 0xbbac2000-0xbfac2000] (64MB)
[    1.283323] amd_uncore: AMD NB counters detected
[    1.283327] amd_uncore: AMD LLC counters detected
[    1.283913] LVT offset 0 assigned for vector 0x400
[    1.284114] perf: AMD IBS detected (0x000003ff)
[    1.285886] Initialise system trusted keyrings
[    1.285892] Key type blacklist registered
[    1.285910] workingset: timestamp_bits=36 max_order=25 bucket_order=0
[    1.286403] zbud: loaded
[    1.306314] NET: Registered protocol family 38
[    1.306317] Key type asymmetric registered
[    1.306319] Asymmetric key parser 'x509' registered
[    1.306325] Block layer SCSI generic (bsg) driver version 0.4 loaded (major 245)
[    1.306346] io scheduler noop registered
[    1.306348] io scheduler deadline registered
[    1.306366] io scheduler cfq registered (default)
[    1.306368] io scheduler mq-deadline registered
[    1.306369] io scheduler kyber registered
[    1.306386] io scheduler bfq registered
[    1.306459] atomic64_test: passed for x86-64 platform with CX8 and with SSE
[    1.306557] pcieport 0000:00:01.1: Signaling PME with IRQ 26
[    1.306637] pcieport 0000:00:02.1: Signaling PME with IRQ 27
[    1.306713] pcieport 0000:00:02.2: Signaling PME with IRQ 28
[    1.306785] pcieport 0000:00:08.1: Signaling PME with IRQ 29
[    1.306888] pcieport 0000:00:08.2: Signaling PME with IRQ 30
[    1.307283] shpchp: Standard Hot Plug PCI Controller Driver version: 0.4
[    1.307298] efifb: probing for efifb
[    1.307307] efifb: framebuffer at 0x7850000000, using 3072k, total 3072k
[    1.307308] efifb: mode is 1024x768x32, linelength=4096, pages=1
[    1.307309] efifb: scrolling: redraw
[    1.307310] efifb: Truecolor: size=8:8:8:8, shift=24:16:8:0
[    1.307954] Console: switching to colour frame buffer device 128x48
[    1.308549] fb0: EFI VGA frame buffer device
[    1.308635] input: Power Button as /devices/LNXSYSTM:00/LNXSYBUS:00/PNP0C0C:00/input/input0
[    1.308652] ACPI: Power Button [PWRB]
[    1.308673] input: Power Button as /devices/LNXSYSTM:00/LNXPWRBN:00/input/input1
[    1.308692] ACPI: Power Button [PWRF]
[    1.308742] Monitor-Mwait will be used to enter C-1 state
[    1.309503] Serial: 8250/16550 driver, 4 ports, IRQ sharing enabled
[    1.330226] 00:04: ttyS0 at I/O 0x3f8 (irq = 4, base_baud = 115200) is a 16550A
[    1.330676] Non-volatile memory driver v1.3
[    1.331340] rdac: device handler registered
[    1.331386] hp_sw: device handler registered
[    1.331393] emc: device handler registered
[    1.331424] alua: device handler registered
[    1.331453] libphy: Fixed MDIO Bus: probed
[    1.331486] ehci_hcd: USB 2.0 'Enhanced' Host Controller (EHCI) Driver
[    1.331497] ehci-pci: EHCI PCI platform driver
[    1.331511] ohci_hcd: USB 1.1 'Open' Host Controller (OHCI) Driver
[    1.331521] ohci-pci: OHCI PCI platform driver
[    1.331533] uhci_hcd: USB Universal Host Controller Interface driver
[    1.331992] xhci_hcd 0000:02:00.0: xHCI Host Controller
[    1.332290] xhci_hcd 0000:02:00.0: new USB bus registered, assigned bus number 1
[    1.387862] xhci_hcd 0000:02:00.0: hcc params 0x0200ef81 hci version 0x110 quirks 0x0000000000000410
[    1.388525] usb usb1: New USB device found, idVendor=1d6b, idProduct=0002, bcdDevice= 4.19
[    1.388850] usb usb1: New USB device strings: Mfr=3, Product=2, SerialNumber=1
[    1.389128] usb usb1: Product: xHCI Host Controller
[    1.389404] usb usb1: Manufacturer: Linux 4.19.90-2106.3.0.0095.oe1.x86_64 xhci-hcd
[    1.389690] usb usb1: SerialNumber: 0000:02:00.0
[    1.390104] hub 1-0:1.0: USB hub found
[    1.390406] hub 1-0:1.0: 10 ports detected
[    1.393122] xhci_hcd 0000:02:00.0: xHCI Host Controller
[    1.393449] xhci_hcd 0000:02:00.0: new USB bus registered, assigned bus number 2
[    1.393751] xhci_hcd 0000:02:00.0: Host supports USB 3.1 Enhanced SuperSpeed
[    1.394075] usb usb2: We don't know the algorithms for LPM for this host, disabling LPM.
[    1.394393] usb usb2: New USB device found, idVendor=1d6b, idProduct=0003, bcdDevice= 4.19
[    1.394674] usb usb2: New USB device strings: Mfr=3, Product=2, SerialNumber=1
[    1.395008] usb usb2: Product: xHCI Host Controller
[    1.395316] usb usb2: Manufacturer: Linux 4.19.90-2106.3.0.0095.oe1.x86_64 xhci-hcd
[    1.395611] usb usb2: SerialNumber: 0000:02:00.0
[    1.396013] hub 2-0:1.0: USB hub found
[    1.396311] hub 2-0:1.0: 4 ports detected
[    1.397662] xhci_hcd 0000:08:00.3: xHCI Host Controller
[    1.397994] xhci_hcd 0000:08:00.3: new USB bus registered, assigned bus number 3
[    1.398384] xhci_hcd 0000:08:00.3: hcc params 0x0268ffe5 hci version 0x110 quirks 0x0000000000000410
[    1.398979] usb usb3: New USB device found, idVendor=1d6b, idProduct=0002, bcdDevice= 4.19
[    1.399294] usb usb3: New USB device strings: Mfr=3, Product=2, SerialNumber=1
[    1.399589] usb usb3: Product: xHCI Host Controller
[    1.399890] usb usb3: Manufacturer: Linux 4.19.90-2106.3.0.0095.oe1.x86_64 xhci-hcd
[    1.400182] usb usb3: SerialNumber: 0000:08:00.3
[    1.400567] hub 3-0:1.0: USB hub found
[    1.400862] hub 3-0:1.0: 4 ports detected
[    1.401292] xhci_hcd 0000:08:00.3: xHCI Host Controller
[    1.401612] xhci_hcd 0000:08:00.3: new USB bus registered, assigned bus number 4
[    1.401906] xhci_hcd 0000:08:00.3: Host supports USB 3.1 Enhanced SuperSpeed
[    1.402196] usb usb4: We don't know the algorithms for LPM for this host, disabling LPM.
[    1.402511] usb usb4: New USB device found, idVendor=1d6b, idProduct=0003, bcdDevice= 4.19
[    1.402800] usb usb4: New USB device strings: Mfr=3, Product=2, SerialNumber=1
[    1.403086] usb usb4: Product: xHCI Host Controller
[    1.403380] usb usb4: Manufacturer: Linux 4.19.90-2106.3.0.0095.oe1.x86_64 xhci-hcd
[    1.403671] usb usb4: SerialNumber: 0000:08:00.3
[    1.404032] hub 4-0:1.0: USB hub found
[    1.404328] hub 4-0:1.0: 2 ports detected
[    1.404768] xhci_hcd 0000:08:00.4: xHCI Host Controller
[    1.405099] xhci_hcd 0000:08:00.4: new USB bus registered, assigned bus number 5
[    1.405457] xhci_hcd 0000:08:00.4: hcc params 0x0268ffe5 hci version 0x110 quirks 0x0000000000000410
[    1.406059] usb usb5: New USB device found, idVendor=1d6b, idProduct=0002, bcdDevice= 4.19
[    1.406352] usb usb5: New USB device strings: Mfr=3, Product=2, SerialNumber=1
[    1.406652] usb usb5: Product: xHCI Host Controller
[    1.406963] usb usb5: Manufacturer: Linux 4.19.90-2106.3.0.0095.oe1.x86_64 xhci-hcd
[    1.407256] usb usb5: SerialNumber: 0000:08:00.4
[    1.407635] hub 5-0:1.0: USB hub found
[    1.407926] hub 5-0:1.0: 4 ports detected
[    1.408322] xhci_hcd 0000:08:00.4: xHCI Host Controller
[    1.408643] xhci_hcd 0000:08:00.4: new USB bus registered, assigned bus number 6
[    1.408959] xhci_hcd 0000:08:00.4: Host supports USB 3.1 Enhanced SuperSpeed
[    1.409271] usb usb6: We don't know the algorithms for LPM for this host, disabling LPM.
[    1.409574] usb usb6: New USB device found, idVendor=1d6b, idProduct=0003, bcdDevice= 4.19
[    1.409873] usb usb6: New USB device strings: Mfr=3, Product=2, SerialNumber=1
[    1.410155] usb usb6: Product: xHCI Host Controller
[    1.410442] usb usb6: Manufacturer: Linux 4.19.90-2106.3.0.0095.oe1.x86_64 xhci-hcd
[    1.410726] usb usb6: SerialNumber: 0000:08:00.4
[    1.411076] hub 6-0:1.0: USB hub found
[    1.411354] hub 6-0:1.0: 2 ports detected
[    1.411736] usbcore: registered new interface driver usbserial_generic
[    1.412025] usbserial: USB Serial support registered for generic
[    1.412383] i8042: PNP: No PS/2 controller found.
[    1.412684] mousedev: PS/2 mouse device common for all mice
[    1.413089] rtc_cmos 00:02: RTC can wake from S4
[    1.413590] rtc_cmos 00:02: registered as rtc0
[    1.413950] rtc_cmos 00:02: alarms up to one month, y3k, 114 bytes nvram, hpet irqs
[    1.414467] hidraw: raw HID events driver (C) Jiri Kosina
[    1.414861] usbcore: registered new interface driver usbhid
[    1.415180] usbhid: USB HID core driver
[    1.415550] drop_monitor: Initializing network drop monitor service
[    1.415919] Initializing XFRM netlink socket
[    1.416280] NET: Registered protocol family 10
[    1.416886] Segment Routing with IPv6
[    1.417177] NET: Registered protocol family 17
[    1.417562] mpls_gso: MPLS GSO support
[    1.417924] kobject: can not set name properly!
[    1.418219] kobject_create_and_add: kobject_add error: -12
[    1.418536] core: Unable to init MCE device (rc: -22)
[    1.418878] core: Using 28 MCE banks
[    1.419201] microcode: CPU0: patch_level=0x0a50000c
[    1.419485] microcode: CPU1: patch_level=0x0a50000c
[    1.419825] microcode: CPU2: patch_level=0x0a50000c
[    1.420148] microcode: CPU3: patch_level=0x0a50000c
[    1.420463] microcode: CPU4: patch_level=0x0a50000c
[    1.420791] microcode: CPU5: patch_level=0x0a50000c
[    1.421118] microcode: CPU6: patch_level=0x0a50000c
[    1.421431] microcode: CPU7: patch_level=0x0a50000c
[    1.421694] microcode: CPU8: patch_level=0x0a50000c
[    1.421934] microcode: CPU9: patch_level=0x0a50000c
[    1.422177] microcode: CPU10: patch_level=0x0a50000c
[    1.422420] microcode: CPU11: patch_level=0x0a50000c
[    1.422676] microcode: Microcode Update Driver: v2.2.
[    1.422687] AVX2 version of gcm_enc/dec engaged.
[    1.423134] AES CTR mode by8 optimization enabled
[    1.433927] sched_clock: Marking stable (1335518726, 98400939)->(1591044484, -157124819)
[    1.434602] registered taskstats version 1
[    1.434839] Loading compiled-in X.509 certificates
[    1.450756] Loaded X.509 cert 'openEuler kernel signing key: 53e1270ae704b10865a3ccc836f251a57198ad77'
[    1.451080] zswap: loaded using pool lzo/zbud
[    1.454749] Key type big_key registered
[    1.456335] Key type trusted registered
[    1.457860] Key type encrypted registered
[    1.458087] ima: No TPM chip found, activating TPM-bypass!
[    1.458351] ima: Allocated hash algorithm: sha1
[    1.458629] evm: Initialising EVM extended attributes:
[    1.458897] evm: security.selinux
[    1.459152] evm: security.ima
[    1.459365] evm: security.capability
[    1.459573] evm: HMAC attrs: 0x1
[    1.460164] rtc_cmos 00:02: setting system clock to 2023-06-16 02:40:22 UTC (1686883222)
[    1.460494] NMI watchdog: Perf NMI watchdog permanently disabled
[    1.650608] Freeing unused decrypted memory: 2040K
[    1.682277] Freeing unused kernel image memory: 2380K
[    1.687754] Write protecting the kernel read-only data: 18432k
[    1.689008] Freeing unused kernel image memory: 2012K
[    1.689384] Freeing unused kernel image memory: 376K
[    1.689613] Run /init as init process
[    1.699161] systemd[1]: systemd v243-38.oe1 running in system mode. (+PAM +AUDIT +SELINUX +IMA -APPARMOR +SMACK +SYSVINIT +UTMP +LIBCRYPTSETUP +GCRYPT +GNUTLS +ACL +XZ +LZ4 +SECCOMP +BLKID +ELFUTILS +KMOD +IDN2 -IDN +PCRE2 default-hierarchy=legacy)
[    1.711780] systemd[1]: Detected architecture x86-64.
[    1.712109] systemd[1]: Running in initial RAM disk.
[    1.721007] systemd[1]: Set hostname to <localhost.localdomain>.
[    1.727719] usb 5-1: new low-speed USB device number 2 using xhci_hcd
[    1.753761] systemd[1]: Started Dispatch Password Requests to Console Directory Watch.
[    1.754457] systemd[1]: Reached target Local File Systems.
[    1.755129] systemd[1]: Reached target Paths.
[    1.755872] systemd[1]: Reached target Slices.
[    1.756562] systemd[1]: Reached target Swap.
[    1.757252] systemd[1]: Reached target Timers.
[    1.767620] random: rngd: uninitialized urandom read (16 bytes read)
[    1.815452] audit: type=1130 audit(1686883222.854:2): pid=1 uid=0 auid=4294967295 ses=4294967295 subj=kernel msg='unit=systemd-journald comm="systemd" exe="/usr/lib/systemd/systemd" hostname=? addr=? terminal=? res=success'
[    1.821955] audit: type=1130 audit(1686883222.861:3): pid=1 uid=0 auid=4294967295 ses=4294967295 subj=kernel msg='unit=systemd-tmpfiles-setup comm="systemd" exe="/usr/lib/systemd/systemd" hostname=? addr=? terminal=? res=success'
[    1.823377] audit: type=1130 audit(1686883222.862:4): pid=1 uid=0 auid=4294967295 ses=4294967295 subj=kernel msg='unit=systemd-vconsole-setup comm="systemd" exe="/usr/lib/systemd/systemd" hostname=? addr=? terminal=? res=success'
[    1.823386] audit: type=1131 audit(1686883222.862:5): pid=1 uid=0 auid=4294967295 ses=4294967295 subj=kernel msg='unit=systemd-vconsole-setup comm="systemd" exe="/usr/lib/systemd/systemd" hostname=? addr=? terminal=? res=success'
[    1.869347] usb 5-1: New USB device found, idVendor=28a0, idProduct=1185, bcdDevice= 1.00
[    1.869349] usb 5-1: New USB device strings: Mfr=0, Product=1, SerialNumber=0
[    1.869350] usb 5-1: Product: USB OPTICAL MOUSE 
[    1.883294] audit: type=1130 audit(1686883222.922:6): pid=1 uid=0 auid=4294967295 ses=4294967295 subj=kernel msg='unit=dracut-cmdline comm="systemd" exe="/usr/lib/systemd/systemd" hostname=? addr=? terminal=? res=success'
[    1.887455] input: USB OPTICAL MOUSE  as /devices/pci0000:00/0000:00:08.1/0000:08:00.4/usb5/5-1/5-1:1.0/0003:28A0:1185.0001/input/input2
[    1.887567] hid-generic 0003:28A0:1185.0001: input,hidraw0: USB HID v1.11 Mouse [USB OPTICAL MOUSE ] on usb-0000:08:00.4-1/input0
[    1.895239] device-mapper: uevent: version 1.0.3
[    1.895301] device-mapper: ioctl: 4.39.0-ioctl (2018-04-03) initialised: dm-devel@redhat.com
[    1.907383] audit: type=1130 audit(1686883222.946:7): pid=1 uid=0 auid=4294967295 ses=4294967295 subj=kernel msg='unit=dracut-pre-udev comm="systemd" exe="/usr/lib/systemd/systemd" hostname=? addr=? terminal=? res=success'
[    1.926845] audit: type=1130 audit(1686883222.966:8): pid=1 uid=0 auid=4294967295 ses=4294967295 subj=kernel msg='unit=systemd-udevd comm="systemd" exe="/usr/lib/systemd/systemd" hostname=? addr=? terminal=? res=success'
[    1.999361] r8125: loading out-of-tree module taints kernel.
[    1.999412] r8125: module verification failed: signature and/or required key missing - tainting kernel
[    2.000075] r8125 2.5Gigabit Ethernet driver 9.011.01-NAPI loaded
[    2.001256] libata version 3.00 loaded.
[    2.002951] ahci 0000:02:00.1: version 3.0
[    2.002981] nvme nvme0: pci function 0000:07:00.0
[    2.003094] ahci 0000:02:00.1: SSS flag set, parallel bus scan disabled
[    2.003133] ahci 0000:02:00.1: AHCI 0001.0301 32 slots 8 ports 6 Gbps 0x33 impl SATA mode
[    2.003134] ahci 0000:02:00.1: flags: 64bit ncq sntf stag pm led clo only pmp pio slum part sxs deso sadm sds apst 
[    2.003863] audit: type=1130 audit(1686883223.043:9): pid=1 uid=0 auid=4294967295 ses=4294967295 subj=kernel msg='unit=systemd-udev-trigger comm="systemd" exe="/usr/lib/systemd/systemd" hostname=? addr=? terminal=? res=success'
[    2.006720] usb 5-2: new low-speed USB device number 3 using xhci_hcd
[    2.015996] scsi host0: ahci
[    2.016160] r8125: This product is covered by one or more of the following patents: US6,570,884, US6,115,776, and US6,327,625.
[    2.016177] scsi host1: ahci
[    2.018171] r8125  Copyright (C) 2022 Realtek NIC software team <nicfae@realtek.com> 
                This program comes with ABSOLUTELY NO WARRANTY; for details, please see <http://www.gnu.org/licenses/>. 
                This is free software, and you are welcome to redistribute it under certain conditions; see <http://www.gnu.org/licenses/>. 
[    2.018209] scsi host2: ahci
[    2.019821] scsi host3: ahci
[    2.021719] scsi host4: ahci
[    2.021889] scsi host5: ahci
[    2.022056] scsi host6: ahci
[    2.022360] scsi host7: ahci
[    2.022409] ata1: SATA max UDMA/133 abar m131072@0xf5e80000 port 0xf5e80100 irq 95
[    2.022411] ata2: SATA max UDMA/133 abar m131072@0xf5e80000 port 0xf5e80180 irq 95
[    2.022411] ata3: DUMMY
[    2.022412] ata4: DUMMY
[    2.022413] ata5: SATA max UDMA/133 abar m131072@0xf5e80000 port 0xf5e80300 irq 95
[    2.022415] ata6: SATA max UDMA/133 abar m131072@0xf5e80000 port 0xf5e80380 irq 95
[    2.022415] ata7: DUMMY
[    2.022416] ata8: DUMMY
[    2.022624] ahci 0000:09:00.0: AHCI 0001.0301 32 slots 1 ports 6 Gbps 0x1 impl SATA mode
[    2.022626] ahci 0000:09:00.0: flags: 64bit ncq sntf ilck pm led clo only pmp fbs pio slum part 
[    2.022832] scsi host8: ahci
[    2.022884] ata9: SATA max UDMA/133 abar m2048@0xf5f00000 port 0xf5f00100 irq 98
[    2.041576] r8125 0000:05:00.0 enp5s0: renamed from eth0
[    2.151317] usb 5-2: New USB device found, idVendor=1a2c, idProduct=2f2a, bcdDevice= 1.10
[    2.151319] usb 5-2: New USB device strings: Mfr=1, Product=2, SerialNumber=0
[    2.151320] usb 5-2: Product: USB Keyboard
[    2.151321] usb 5-2: Manufacturer: SEMICO
[    2.176477] input: SEMICO USB Keyboard as /devices/pci0000:00/0000:00:08.1/0000:08:00.4/usb5/5-2/5-2:1.0/0003:1A2C:2F2A.0002/input/input3
[    2.212943] nvme nvme0: missing or invalid SUBNQN field.
[    2.213609] nvme nvme0: allocated 16 MiB host memory buffer.
[    2.216618]  nvme0n1: p1 p2 p3
[    2.227873] hid-generic 0003:1A2C:2F2A.0002: input,hidraw1: USB HID v1.10 Keyboard [SEMICO USB Keyboard] on usb-0000:08:00.4-2/input0
[    2.232424] input: SEMICO USB Keyboard Consumer Control as /devices/pci0000:00/0000:00:08.1/0000:08:00.4/usb5/5-2/5-2:1.1/0003:1A2C:2F2A.0003/input/input4
[    2.283871] input: SEMICO USB Keyboard System Control as /devices/pci0000:00/0000:00:08.1/0000:08:00.4/usb5/5-2/5-2:1.1/0003:1A2C:2F2A.0003/input/input5
[    2.283913] hid-generic 0003:1A2C:2F2A.0003: input,hidraw2: USB HID v1.10 Device [SEMICO USB Keyboard] on usb-0000:08:00.4-2/input1
[    2.301255] tsc: Refined TSC clocksource calibration: 3892.667 MHz
[    2.301292] clocksource: tsc: mask: 0xffffffffffffffff max_cycles: 0x7038970969e, max_idle_ns: 881590793512 ns
[    2.301319] clocksource: Switched to clocksource tsc
[    2.305110] random: crng init done
[    2.330098] ata9: SATA link down (SStatus 0 SControl 300)
[    2.492256] ata1: SATA link up 6.0 Gbps (SStatus 133 SControl 300)
[    2.493321] ata1.00: ATA-8: TOSHIBA HDWD120, MX4OACF0, max UDMA/133
[    2.493324] ata1.00: 3907029168 sectors, multi 16: LBA48 NCQ (depth 32), AA
[    2.494613] ata1.00: configured for UDMA/133
[    2.494835] scsi 0:0:0:0: Direct-Access     ATA      TOSHIBA HDWD120  ACF0 PQ: 0 ANSI: 5
[    2.965205] ata2: SATA link up 6.0 Gbps (SStatus 133 SControl 300)
[    2.967121] ata2.00: ATA-8: TOSHIBA HDWD120, MX4OACF0, max UDMA/133
[    2.967125] ata2.00: 3907029168 sectors, multi 16: LBA48 NCQ (depth 32), AA
[    2.969197] ata2.00: configured for UDMA/133
[    2.969419] scsi 1:0:0:0: Direct-Access     ATA      TOSHIBA HDWD120  ACF0 PQ: 0 ANSI: 5
[    3.275478] ata5: SATA link down (SStatus 0 SControl 330)
[    3.587704] ata6: SATA link down (SStatus 0 SControl 300)
[    3.594550] sd 0:0:0:0: [sda] 3907029168 512-byte logical blocks: (2.00 TB/1.82 TiB)
[    3.594551] sd 0:0:0:0: [sda] 4096-byte physical blocks
[    3.594554] sd 0:0:0:0: [sda] Write Protect is off
[    3.594554] sd 0:0:0:0: [sda] Mode Sense: 00 3a 00 00
[    3.594557] sd 0:0:0:0: [sda] Write cache: enabled, read cache: enabled, doesn't support DPO or FUA
[    3.594564] sd 1:0:0:0: [sdb] 3907029168 512-byte logical blocks: (2.00 TB/1.82 TiB)
[    3.594565] sd 1:0:0:0: [sdb] 4096-byte physical blocks
[    3.594567] sd 1:0:0:0: [sdb] Write Protect is off
[    3.594567] sd 1:0:0:0: [sdb] Mode Sense: 00 3a 00 00
[    3.594570] sd 1:0:0:0: [sdb] Write cache: enabled, read cache: enabled, doesn't support DPO or FUA
[    3.597886] sd 0:0:0:0: [sda] Attached SCSI disk
[    3.625343]  sdb: sdb1 sdb2
[    3.625871] sd 1:0:0:0: [sdb] Attached SCSI disk
[    3.965817] audit: type=1130 audit(1686883225.005:10): pid=1 uid=0 auid=4294967295 ses=4294967295 subj=kernel msg='unit=dracut-initqueue comm="systemd" exe="/usr/lib/systemd/systemd" hostname=? addr=? terminal=? res=success'
[    4.002536] EXT4-fs (dm-0): mounted filesystem with ordered data mode. Opts: (null)
[    4.252438] systemd-journald[260]: Received SIGTERM from PID 1 (systemd).
[    4.265758] systemd: 19 output lines suppressed due to ratelimiting
[    4.314110] SELinux:  Disabled at runtime.
[    4.362329] systemd[1]: systemd v243-38.oe1 running in system mode. (+PAM +AUDIT +SELINUX +IMA -APPARMOR +SMACK +SYSVINIT +UTMP +LIBCRYPTSETUP +GCRYPT +GNUTLS +ACL +XZ +LZ4 +SECCOMP +BLKID +ELFUTILS +KMOD +IDN2 -IDN +PCRE2 default-hierarchy=legacy)
[    4.373846] systemd[1]: Detected architecture x86-64.
[    4.376325] systemd[1]: Set hostname to <localhost.localdomain>.
[    4.387651] systemd-rc-local-generator[665]: /etc/rc.d/rc.local is not marked executable, skipping.
[    4.438111] systemd[1]: /usr/lib/systemd/system/dbus.socket:5: ListenStream= references a path below legacy directory /var/run/, updating /var/run/dbus/system_bus_socket  /run/dbus/system_bus_socket; please update the unit file accordingly.
[    4.498090] systemd[1]: initrd-switch-root.service: Succeeded.
[    4.498244] systemd[1]: Stopped Switch Root.
[    4.498668] systemd[1]: systemd-journald.service: Service has no hold-off time (RestartSec=0), scheduling restart.
[    4.498832] systemd[1]: systemd-journald.service: Scheduled restart job, restart counter is at 1.
[    4.499016] systemd[1]: Created slice Virtual Machine and Container Slice.
[    4.499420] systemd[1]: Created slice system-getty.slice.
[    4.514865] VFS: Open an write opened block device exclusively dm-1 [673 swapon].
[    4.526647] EXT4-fs (dm-0): re-mounted. Opts: (null)
[    4.529734] Adding 4194300k swap on /dev/mapper/openeuler-swap.  Priority:-2 extents:1 across:4194300k SSFS
[    4.554240] systemd-journald[685]: Received client request to flush runtime journal.
[    4.593679] acpi_cpufreq: overriding BIOS provided _PSD data
[    4.599254] ACPI: Video Device [VGA] (multi-head: yes  rom: no  post: no)
[    4.599964] acpi device:02: registered as cooling_device12
[    4.600014] input: Video Bus as /devices/LNXSYSTM:00/LNXSYBUS:00/PNP0A08:00/device:01/LNXVIDEO:00/input/input6
[    4.601545] acpi PNP0C14:01: duplicate WMI GUID 05901221-D566-11D1-B2F0-00A0C9062910 (first instance was on PNP0C14:00)
[    4.601599] acpi PNP0C14:02: duplicate WMI GUID 05901221-D566-11D1-B2F0-00A0C9062910 (first instance was on PNP0C14:00)
[    4.601669] acpi PNP0C14:03: duplicate WMI GUID 05901221-D566-11D1-B2F0-00A0C9062910 (first instance was on PNP0C14:00)
[    4.622449] sd 0:0:0:0: Attached scsi generic sg0 type 0
[    4.622483] sd 1:0:0:0: Attached scsi generic sg1 type 0
[    4.623353] input: PC Speaker as /devices/platform/pcspkr/input/input7
[    4.623626] VFIO - User Level meta-driver version: 0.3
[    4.623633] piix4_smbus 0000:00:14.0: SMBus Host Controller at 0xff00, revision 15
[    4.623634] piix4_smbus 0000:00:14.0: Using register 0x02 for SMBus port selection
[    4.625128] sp5100_tco: SP5100/SB800 TCO WatchDog Timer Driver
[    4.625205] sp5100-tco sp5100-tco: Using 0xfeb00000 for watchdog MMIO address
[    4.625211] sp5100-tco sp5100-tco: Watchdog hardware is disabled
[    4.652757] snd_hda_intel 0000:08:00.1: enabling device (0000 -> 0002)
[    4.652891] snd_hda_intel 0000:08:00.1: Handle vga_switcheroo audio client
[    4.653310] snd_hda_intel 0000:08:00.6: enabling device (0000 -> 0002)
[    4.672668] input: HD-Audio Generic HDMI/DP,pcm=3 as /devices/pci0000:00/0000:00:08.1/0000:08:00.1/sound/card0/input8
[    4.672718] input: HD-Audio Generic HDMI/DP,pcm=7 as /devices/pci0000:00/0000:00:08.1/0000:08:00.1/sound/card0/input9
[    4.673041] snd_hda_codec_generic hdaudioC1D0: autoconfig for Generic: line_outs=3 (0x14/0x15/0x16/0x0/0x0) type:line
[    4.673043] snd_hda_codec_generic hdaudioC1D0:    speaker_outs=0 (0x0/0x0/0x0/0x0/0x0)
[    4.673044] snd_hda_codec_generic hdaudioC1D0:    hp_outs=1 (0x1b/0x0/0x0/0x0/0x0)
[    4.673045] snd_hda_codec_generic hdaudioC1D0:    mono: mono_out=0x0
[    4.673046] snd_hda_codec_generic hdaudioC1D0:    dig-out=0x1e/0x0
[    4.673046] snd_hda_codec_generic hdaudioC1D0:    inputs:
[    4.673047] snd_hda_codec_generic hdaudioC1D0:      Front Mic=0x19
[    4.673048] snd_hda_codec_generic hdaudioC1D0:      Rear Mic=0x18
[    4.673049] snd_hda_codec_generic hdaudioC1D0:      Line=0x1a
[    4.683825] kvm: Nested Virtualization enabled
[    4.683834] kvm: Nested Paging enabled
[    4.683834] SVM: Virtual VMLOAD VMSAVE supported
[    4.683835] SVM: Virtual GIF supported
[    4.689454] input: HD-Audio Generic Front Mic as /devices/pci0000:00/0000:00:08.1/0000:08:00.6/sound/card1/input10
[    4.689498] input: HD-Audio Generic Rear Mic as /devices/pci0000:00/0000:00:08.1/0000:08:00.6/sound/card1/input11
[    4.689529] input: HD-Audio Generic Line as /devices/pci0000:00/0000:00:08.1/0000:08:00.6/sound/card1/input12
[    4.689566] input: HD-Audio Generic Line Out Front as /devices/pci0000:00/0000:00:08.1/0000:08:00.6/sound/card1/input13
[    4.689597] input: HD-Audio Generic Line Out Surround as /devices/pci0000:00/0000:00:08.1/0000:08:00.6/sound/card1/input14
[    4.689627] input: HD-Audio Generic Line Out CLFE as /devices/pci0000:00/0000:00:08.1/0000:08:00.6/sound/card1/input15
[    4.689656] input: HD-Audio Generic Front Headphone as /devices/pci0000:00/0000:00:08.1/0000:08:00.6/sound/card1/input16
[    4.703431] nvidia: module license 'NVIDIA' taints kernel.
[    4.703432] Disabling lock debugging due to kernel taint
[    4.726920] nvidia-nvlink: Nvlink Core is being initialized, major device number 236
[    4.728667] NVRM: probing 0x10de 0x2236, class 0x30200
[    4.728676] nvidia 0000:01:00.0: enabling device (0000 -> 0002)
[    4.728971] NVRM: GPU 0000:01:00.0: ATS not supported by this GPU. Disabling ATS support for all the GPUs in the system!
[    4.729011] NVRM: PCI:0000:01:00.0 (10de:2236): BAR0 @ 0xf4000000 (16MB)
[    4.729012] NVRM: PCI:0000:01:00.0 (10de:2236): BAR1 @ 0x6000000000 (32768MB)
[    4.729022] NVRM: Failed to evaluate _PR3 object
[    4.774776] NVRM: loading NVIDIA UNIX x86_64 Kernel Module  525.85.07  Wed Jan 18 00:59:17 UTC 2023
[    4.807844] asus_wmi: ASUS WMI generic driver loaded
[    4.808706] asus_wmi: Initialization: 0x0
[    4.808729] asus_wmi: BIOS WMI version: 0.9
[    4.808779] asus_wmi: SFUN value: 0x0
[    4.809011] input: Eee PC WMI hotkeys as /devices/platform/eeepc-wmi/input/input17
[    4.809129] asus_wmi: Number of fans: 1
[    4.967910] EXT4-fs (nvme0n1p2): mounted filesystem with ordered data mode. Opts: (null)
[    4.971553] EXT4-fs (dm-2): mounted filesystem with ordered data mode. Opts: (null)
[    5.002900] RPC: Registered named UNIX socket transport module.
[    5.002901] RPC: Registered udp transport module.
[    5.002902] RPC: Registered tcp transport module.
[    5.002902] RPC: Registered tcp NFSv4.1 backchannel transport module.
[    5.023274] NVRM: nvidia_open...
[    5.023278] NVRM: nvidia_ctl_open
[    5.023281] NVRM: ioctl(0xd2, 0x42ccd480, 0x48)
[    5.023294] NVRM: ioctl(0xd6, 0x42ccd510, 0x8)
[    5.023295] NVRM: ioctl(0xc8, 0x26e26600, 0x900)
[    5.023300] NVRM: ioctl(0x2b, 0x42ccd5e0, 0x20)
[    5.023321] NVRM: ioctl(0x2a, 0x42ccc900, 0x20)
[    5.023331] NVRM: ioctl(0x2a, 0x42ccc900, 0x20)
[    5.023334] NVRM: ioctl(0x2a, 0x42ccc900, 0x20)
[    5.023351] NVRM: nvidia_open...
[    5.023353] NVRM: GPU 0000:01:00.0: Opening GPU with minor number 0
[    5.023824] NVRM: GPU 0000:01:00.0: RmInitAdapter
[    5.023826] NVRM: GPU 0000:01:00.0: RmSetupRegisters for 0x10de:0x2236
[    5.023826] NVRM: GPU 0000:01:00.0: pci config info:
[    5.023827] NVRM: GPU 0000:01:00.0:    registers look  like: 00000000eee95aa8 000000007139370fNVRM: GPU 0000:01:00.0:    fb        looks like: 00000000a85ec566 00000000c608783bNVRM: GPU 0000:01:00.0: Successfully mapped framebuffer and registers
[    5.023867] NVRM: GPU 0000:01:00.0: final mappings:
[    5.023868] NVRM: GPU 0000:01:00.0:     regs: 00000000eee95aa8 000000007139370f 0x0000000000feb4d0
[    5.024699] NVRM: GPU at 0000:01:00.0 has software scheduler DISABLED with policy BEST_EFFORT.
[    5.038141] NVRM: nv_acpi_dsm_method: failed to evaluate _DSM method!
[    5.038144] NVRM: nv_acpi_dsm_method: failed to evaluate _DSM method!
[    5.038145] NVRM: nv_acpi_dsm_method: failed to evaluate _DSM method!
[    5.038147] NVRM: nv_acpi_dsm_method: failed to evaluate _DSM method!
[    5.038148] NVRM: nv_acpi_dsm_method: failed to evaluate _DSM method!
[    5.038149] NVRM: nv_acpi_dsm_method: failed to evaluate _DSM method!
[    5.038151] NVRM: nv_acpi_dsm_method: failed to evaluate _DSM method!
[    5.038152] NVRM: nv_acpi_dsm_method: failed to evaluate _DSM method!
[    5.038154] NVRM: nv_acpi_dsm_method: failed to evaluate _DSM method!
[    5.038155] NVRM: nv_acpi_dsm_method: failed to evaluate _DSM method!
[    5.038156] NVRM: nv_acpi_dsm_method: failed to evaluate _DSM method!
[    5.038160] NVRM: nv_acpi_dsm_method: failed to evaluate _DSM method!
[    5.038183] NVRM: nv_acpi_mux_method: Call for MXDM ACPI method 
[    5.038186] NVRM: nv_acpi_mux_method Mux device handle not found
[    5.038186] NVRM: nv_acpi_mux_method: Call for MXDM ACPI method 
[    5.038188] NVRM: nv_acpi_mux_method Mux device handle not found
[    5.038188] NVRM: nv_acpi_mux_method: Call for MXDM ACPI method 
[    5.038190] NVRM: nv_acpi_mux_method Mux device handle not found
[    5.038190] NVRM: nv_acpi_mux_method: Call for MXDM ACPI method 
[    5.038191] NVRM: nv_acpi_mux_method Mux device handle not found
[    5.038191] NVRM: nv_acpi_mux_method: Call for MXDM ACPI method 
[    5.038193] NVRM: nv_acpi_mux_method Mux device handle not found
[    5.218076] NVRM: VM: nv_alloc_pages: 85 pages
[    5.218078] NVRM: VM:    contig 0  cache_type 1
[    5.218087] NVRM: VM: 3247595408: 85 pages
[    5.218295] NVRM: VM: nv_alloc_pages:3410: 0x0000000096881367, 85 page(s), count = 1, flags = 0x00000004, page_table = 0x00000000e98ab762
[    5.255162] NVRM: VM: nv_alloc_pages: 9 pages
[    5.255163] NVRM: VM:    contig 1  cache_type 1
[    5.255171] NVRM: VM: nv_alloc_contig_pages: 9 pages
[    5.255218] NVRM: VM: nv_alloc_pages:3410: 0x0000000027bea02f, 9 page(s), count = 1, flags = 0x00000005, page_table = 0x000000006376f2f1
[    5.255220] NVRM: VM: nv_alloc_pages: 1 pages
[    5.255220] NVRM: VM:    contig 1  cache_type 1
[    5.255221] NVRM: VM: nv_alloc_contig_pages: 1 pages
[    5.255232] NVRM: VM: nv_alloc_pages:3410: 0x00000000bb0548d3, 1 page(s), count = 1, flags = 0x00000005, page_table = 0x00000000fc4fc6f0
[    5.368333] NVRM: VM: nv_alloc_pages: 1 pages
[    5.368334] NVRM: VM:    contig 1  cache_type 1
[    5.368339] NVRM: VM: nv_alloc_contig_pages: 1 pages
[    5.368371] NVRM: VM: nv_alloc_pages:3410: 0x00000000a40e291a, 1 page(s), count = 1, flags = 0x00000005, page_table = 0x00000000cdd8b1af
[    5.372754] NVRM: VM: nv_alloc_pages: 1 pages
[    5.372755] NVRM: VM:    contig 1  cache_type 0
[    5.372763] NVRM: VM: nv_alloc_contig_pages: 1 pages
[    5.372773] NVRM: VM: nv_alloc_pages:3410: 0x000000005cf31166, 1 page(s), count = 1, flags = 0x00000005, page_table = 0x0000000006098af6
[    5.372776] NVRM: VM: nv_alloc_pages: 16 pages
[    5.372776] NVRM: VM:    contig 1  cache_type 0
[    5.372777] NVRM: VM: nv_alloc_contig_pages: 16 pages
[    5.372783] NVRM: VM: nv_alloc_pages:3410: 0x00000000fb40e1fa, 16 page(s), count = 1, flags = 0x00000005, page_table = 0x00000000e7c27a38
[    5.382631] NVRM: VM: nv_alloc_pages: 289 pages
[    5.382632] NVRM: VM:    contig 0  cache_type 0
[    5.382647] NVRM: VM: 3247595408: 289 pages
[    5.382814] NVRM: VM: nv_alloc_pages:3410: 0x000000008cb23c4a, 289 page(s), count = 1, flags = 0x00000004, page_table = 0x0000000015022f1a
[    5.420289] NVRM: VM: nv_alloc_pages: 2 pages
[    5.420290] NVRM: VM:    contig 0  cache_type 1
[    5.420293] NVRM: VM: 3247595408: 2 pages
[    5.420369] NVRM: VM: nv_alloc_pages:3410: 0x0000000023dcad8a, 2 page(s), count = 1, flags = 0x00000004, page_table = 0x000000005ff7b240
[    5.422640] NVRM: VM: nv_alloc_pages: 15 pages
[    5.422642] NVRM: VM:    contig 1  cache_type 1
[    5.422648] NVRM: VM: nv_alloc_contig_pages: 15 pages
[    5.422697] NVRM: VM: nv_alloc_pages:3410: 0x00000000df29a3e5, 15 page(s), count = 1, flags = 0x00000005, page_table = 0x00000000e5c73bcf
[    5.570489] NVRM: VM: nv_free_pages: 0xf
[    5.570491] NVRM: VM: nv_free_pages:3433: 0x00000000df29a3e5, 15 page(s), count = 1, flags = 0x00000005, page_table = 0x00000000e5c73bcf
[    5.570492] NVRM: VM: nv_free_contig_pages: 15 pages
[    5.570630] NVRM: VM: nv_alloc_pages: 2 pages
[    5.570630] NVRM: VM:    contig 1  cache_type 1
[    5.570631] NVRM: VM: nv_alloc_contig_pages: 2 pages
[    5.570650] NVRM: VM: nv_alloc_pages:3410: 0x00000000f314170d, 2 page(s), count = 1, flags = 0x00000005, page_table = 0x00000000ce3438e9
[    5.571761] NVRM: VM: nv_free_pages: 0x2
[    5.571762] NVRM: VM: nv_free_pages:3433: 0x00000000f314170d, 2 page(s), count = 1, flags = 0x00000005, page_table = 0x00000000ce3438e9
[    5.571762] NVRM: VM: nv_free_contig_pages: 2 pages
[    5.572970] NVRM: VM: nv_alloc_pages: 1 pages
[    5.572970] NVRM: VM:    contig 1  cache_type 0
[    5.572971] NVRM: VM: nv_alloc_contig_pages: 1 pages
[    5.572973] NVRM: VM: nv_alloc_pages:3410: 0x00000000c473d394, 1 page(s), count = 1, flags = 0x00000005, page_table = 0x00000000cd83dede
[    5.574596] NVRM: VM: nv_alloc_pages: 1 pages
[    5.574596] NVRM: VM:    contig 0  cache_type 1
[    5.574598] NVRM: VM: 3247595408: 1 pages
[    5.574625] NVRM: VM: nv_alloc_pages:3410: 0x00000000551efccb, 1 page(s), count = 1, flags = 0x00000004, page_table = 0x000000007ffb99e1
[    5.574930] bridge: filtering via arp/ip/ip6tables is no longer available by default. Update your scripts to load br_netfilter if you need this.
[    5.575475] NVRM: VM: nv_free_pages: 0x1
[    5.575476] NVRM: VM: nv_free_pages:3433: 0x00000000551efccb, 1 page(s), count = 1, flags = 0x00000004, page_table = 0x000000007ffb99e1
[    5.575477] NVRM: VM: nv_free_system_pages: 1 pages
[    5.575535] NVRM: VM: nv_alloc_pages: 14 pages
[    5.575535] NVRM: VM:    contig 1  cache_type 1
[    5.575537] NVRM: VM: nv_alloc_contig_pages: 14 pages
[    5.575553] NVRM: VM: nv_alloc_pages:3410: 0x00000000260ffcac, 14 page(s), count = 1, flags = 0x00000005, page_table = 0x00000000f7ca2f29
[    5.670665] NVRM: VM: nv_free_pages: 0xe
[    5.670669] NVRM: VM: nv_free_pages:3433: 0x00000000260ffcac, 14 page(s), count = 1, flags = 0x00000005, page_table = 0x00000000f7ca2f29
[    5.670671] NVRM: VM: nv_free_contig_pages: 14 pages
[    5.670981] NVRM: VM: nv_alloc_pages: 7 pages
[    5.670982] NVRM: VM:    contig 1  cache_type 1
[    5.670983] NVRM: VM: nv_alloc_contig_pages: 7 pages
[    5.671054] NVRM: VM: nv_alloc_pages:3410: 0x00000000260ffcac, 7 page(s), count = 1, flags = 0x00000005, page_table = 0x00000000d805994c
[    5.677809] NVRM: VM: nv_free_pages: 0x7
[    5.677811] NVRM: VM: nv_free_pages:3433: 0x00000000260ffcac, 7 page(s), count = 1, flags = 0x00000005, page_table = 0x00000000d805994c
[    5.677812] NVRM: VM: nv_free_contig_pages: 7 pages
[    5.682462] NVRM: VM: nv_alloc_pages: 1 pages
[    5.682463] NVRM: VM:    contig 1  cache_type 1
[    5.682465] NVRM: VM: nv_alloc_contig_pages: 1 pages
[    5.682513] NVRM: VM: nv_alloc_pages:3410: 0x0000000076ca6777, 1 page(s), count = 1, flags = 0x00000005, page_table = 0x00000000b164a6e5
[    5.682535] NVRM: VM: nv_alloc_pages: 2 pages
[    5.682536] NVRM: VM:    contig 1  cache_type 1
[    5.682537] NVRM: VM: nv_alloc_contig_pages: 2 pages
[    5.682571] NVRM: VM: nv_alloc_pages:3410: 0x00000000269e1a61, 2 page(s), count = 1, flags = 0x00000005, page_table = 0x00000000f93d44c8
[    5.800342] NVRM: VM: nv_alloc_pages: 16 pages
[    5.800344] NVRM: VM:    contig 1  cache_type 0
[    5.800350] NVRM: VM: nv_alloc_contig_pages: 16 pages
[    5.800358] NVRM: VM: nv_alloc_pages:3410: 0x00000000a193a85f, 16 page(s), count = 1, flags = 0x00000005, page_table = 0x0000000091428d83
[    5.851773] NVRM: initializing rc timer
[    5.851780] NVRM: rc timer initialized
[    5.852675] NVRM: GPU 0000:01:00.0:  is not primary VGA
[    5.852815] NVRM: GPU 0000:01:00.0: RmInitAdapter succeeded!
[    5.852840] NVRM: nvidia_open...
[    5.852844] NVRM: ioctl(0x2a, 0x42ccc900, 0x20)
[    5.852845] NVRM: nvidia_ctl_open
[    5.852858] NVRM: ioctl(0xd2, 0x6472aad0, 0x48)
[    5.852878] NVRM: ioctl(0xd6, 0x6472ab50, 0x8)
[    5.852880] NVRM: ioctl(0xc8, 0x6213e0, 0x900)
[    5.852884] NVRM: ioctl(0x2b, 0x6472ac00, 0x20)
[    5.853724] NVRM: ioctl(0x2a, 0x42ccc710, 0x20)
[    5.853840] NVRM: ioctl(0x2a, 0x64729f90, 0x20)
[    5.853843] NVRM: ioctl(0x2a, 0x42ccc710, 0x20)
[    5.853848] NVRM: ioctl(0x2a, 0x64729f90, 0x20)
[    5.853888] NVRM: ioctl(0x2a, 0x64729f90, 0x20)
[    5.853910] NVRM: nvidia_open...
[    5.853915] NVRM: GPU 0000:01:00.0: Opening GPU with minor number 0
[    5.853922] NVRM: ioctl(0xc9, 0x42ccd254, 0x4)
[    5.853923] NVRM: nvidia_open...
[    5.853926] NVRM: ioctl(0xd7, 0x42ccd020, 0x228)
[    5.853926] NVRM: GPU 0000:01:00.0: Opening GPU with minor number 0
[    5.853930] NVRM: ioctl(0x2a, 0x64729f90, 0x20)
[    5.853964] NVRM: ioctl(0x2b, 0x42ccd300, 0x28)
[    5.853969] NVRM: ioctl(0x2a, 0x64729db0, 0x20)
[    5.853984] NVRM: ioctl(0x2a, 0x64729db0, 0x20)
[    5.853985] NVRM: ioctl(0x2a, 0x42ccc900, 0x20)
[    5.853991] NVRM: ioctl(0x2a, 0x42ccc900, 0x20)
[    5.853995] NVRM: ioctl(0x29, 0x42ccd340, 0x10)
[    5.853998] NVRM: nvidia_open...
[    5.854000] NVRM: GPU 0000:01:00.0: Opening GPU with minor number 0
[    5.854007] NVRM: ioctl(0xc9, 0x6472a8cc, 0x4)
[    5.854008] NVRM: GPU 0000:01:00.0: nvidia_close on GPU with minor number 0
[    5.854011] NVRM: ioctl(0xd7, 0x6472a690, 0x228)
[    5.854014] NVRM: ioctl(0x2a, 0x42ccc860, 0x20)
[    5.854027] NVRM: ioctl(0x2b, 0x6472a970, 0x28)
[    5.854029] NVRM: GPU 0000:01:00.0: nvidia_close on GPU with minor number 0
[    5.854036] NVRM: ioctl(0x2a, 0x64729eb0, 0x20)
[    5.854039] NVRM: nvidia_open...
[    5.854040] NVRM: nvidia_ctl_open
[    5.854041] NVRM: ioctl(0x2a, 0x64729db0, 0x20)
[    5.854041] NVRM: ioctl(0xc9, 0x42ccd524, 0x4)
[    5.854044] NVRM: ioctl(0xce, 0x42ccd550, 0x10)
[    5.854044] NVRM: ioctl(0x2a, 0x64729db0, 0x20)
[    5.854046] NVRM: ioctl(0x2b, 0x42ccd510, 0x28)
[    5.854057] NVRM: nvidia_open...
[    5.854058] NVRM: GPU 0000:01:00.0: Opening GPU with minor number 0
[    5.854060] NVRM: ioctl(0x2a, 0x42cccb10, 0x20)
[    5.854062] NVRM: ioctl(0xc9, 0x6472a8cc, 0x4)
[    5.854067] NVRM: ioctl(0x2b, 0x6472a940, 0x28)
[    5.854068] NVRM: nvidia_open...
[    5.854069] NVRM: nvidia_ctl_open
[    5.854070] NVRM: ioctl(0xc9, 0x42ccd524, 0x4)
[    5.854079] NVRM: ioctl(0xce, 0x42ccd550, 0x10)
[    5.854079] NVRM: ioctl(0x2a, 0x64729f90, 0x20)
[    5.854081] NVRM: ioctl(0x2b, 0x42ccd510, 0x28)
[    5.854086] NVRM: ioctl(0x2a, 0x6472a1e0, 0x20)
[    5.854092] NVRM: ioctl(0x2a, 0x42cccb10, 0x20)
[    5.854551] NVRM: ioctl(0x2b, 0x6472abc0, 0x28)
[    5.854560] NVRM: ioctl(0x2a, 0x6472a1e0, 0x20)
[    5.854967] NVRM: ioctl(0x2a, 0x6472a1e0, 0x20)
[    5.858998] NVRM: ioctl(0x2a, 0x6472a1e0, 0x20)
[    5.863282] NVRM: ioctl(0x2a, 0x6472a1e0, 0x20)
[    5.866729] NVRM: ioctl(0x2a, 0x6472a1e0, 0x20)
[    5.870324] NVRM: ioctl(0x2a, 0x6472a1e0, 0x20)
[    5.873695] NVRM: ioctl(0x2a, 0x6472a1e0, 0x20)
[    5.877389] NVRM: ioctl(0x2a, 0x6472a1e0, 0x20)
[    5.881030] NVRM: ioctl(0x2a, 0x6472a1e0, 0x20)
[    5.884568] NVRM: ioctl(0x2a, 0x6472a1e0, 0x20)
[    5.888274] NVRM: ioctl(0x2a, 0x6472a1e0, 0x20)
[    5.891736] NVRM: ioctl(0x2a, 0x6472a1e0, 0x20)
[    5.895698] NVRM: ioctl(0x2a, 0x6472a1e0, 0x20)
[    5.897581] IPv6: ADDRCONF(NETDEV_UP): enp5s0: link is not ready
[    5.899086] enp5s0: 0xffffc0db472e0000, 7c:10:c9:bb:da:26, IRQ 35
[    5.899376] NVRM: ioctl(0x2a, 0x6472a1e0, 0x20)
[    5.902882] NVRM: ioctl(0x2a, 0x6472a1e0, 0x20)
[    5.906337] NVRM: ioctl(0x2a, 0x6472a1e0, 0x20)
[    5.910001] NVRM: ioctl(0x2a, 0x6472a1e0, 0x20)
[    5.913501] NVRM: ioctl(0x2a, 0x6472a1e0, 0x20)
[    5.917134] NVRM: ioctl(0x2a, 0x6472a1e0, 0x20)
[    5.920845] NVRM: ioctl(0x2a, 0x6472a1e0, 0x20)
[    5.924390] NVRM: ioctl(0x2a, 0x6472a1e0, 0x20)
[    5.928020] NVRM: ioctl(0x2a, 0x6472a1e0, 0x20)
[    5.931548] NVRM: ioctl(0x2a, 0x6472a1e0, 0x20)
[    5.935156] NVRM: ioctl(0x2a, 0x6472a1e0, 0x20)
[    5.937980] NVRM: ioctl(0x2a, 0x6472a1e0, 0x20)
[    5.937996] NVRM: ioctl(0x29, 0x6472ac10, 0x10)
[    5.938994] NVRM: ioctl(0x29, 0x6472ac00, 0x10)
[    5.939028] NVRM: GPU 0000:01:00.0: nvidia_close on GPU with minor number 0
[    5.939036] NVRM: ioctl(0x29, 0x6472ac00, 0x10)
[    5.939048] NVRM: GPU 0000:01:00.0: nvidia_close on GPU with minor number 0
[    5.939052] NVRM: ioctl(0x2a, 0x6472a150, 0x20)
[    5.939060] NVRM: GPU 0000:01:00.0: nvidia_close on GPU with minor number 0
[    5.939090] NVRM: stopping rc timer
[    5.939091] NVRM: rc timer stopped
[    5.939106] NVRM: ioctl(0x29, 0x6472ac10, 0x10)
[    5.939118] NVRM: GPU 0000:00:00.0: nvidia_close on GPU with minor number 255
[    5.939118] NVRM: nvidia_ctl_close
[    5.943458] IPv6: ADDRCONF(NETDEV_UP): enp5s0: link is not ready
[    5.948589] IPv6: ADDRCONF(NETDEV_UP): enp5s0: link is not ready
[    6.053172] kauditd_printk_skb: 248 callbacks suppressed
[    6.053173] audit: type=1130 audit(1686883227.092:139): pid=1 uid=0 auid=4294967295 ses=4294967295 msg='unit=systemd-logind comm="systemd" exe="/usr/lib/systemd/systemd" hostname=? addr=? terminal=? res=success'
[    6.113967] audit: type=1130 audit(1686883227.153:140): pid=1 uid=0 auid=4294967295 ses=4294967295 msg='unit=tuned comm="systemd" exe="/usr/lib/systemd/systemd" hostname=? addr=? terminal=? res=success'
[    7.505767] r8125: enp5s0: link up
[    7.505784] IPv6: ADDRCONF(NETDEV_CHANGE): enp5s0: link becomes ready
[    7.509373] audit: type=1130 audit(1686883228.548:141): pid=1 uid=0 auid=4294967295 ses=4294967295 msg='unit=NetworkManager-wait-online comm="systemd" exe="/usr/lib/systemd/systemd" hostname=? addr=? terminal=? res=success'
[    7.518244] Loading iSCSI transport class v2.0-870.
[    8.104360] audit: type=1130 audit(1686883229.143:142): pid=1 uid=0 auid=4294967295 ses=4294967295 msg='unit=systemd-networkd-wait-online comm="systemd" exe="/usr/lib/systemd/systemd" hostname=? addr=? terminal=? res=failed'
[    8.110985] audit: type=1130 audit(1686883229.150:143): pid=1 uid=0 auid=4294967295 ses=4294967295 msg='unit=rpc-statd-notify comm="systemd" exe="/usr/lib/systemd/systemd" hostname=? addr=? terminal=? res=success'
[    8.117196] audit: type=1130 audit(1686883229.156:144): pid=1 uid=0 auid=4294967295 ses=4294967295 msg='unit=rsyslog comm="systemd" exe="/usr/lib/systemd/systemd" hostname=? addr=? terminal=? res=success'
[    8.518448] audit: type=1130 audit(1686883229.557:145): pid=1 uid=0 auid=4294967295 ses=4294967295 msg='unit=iscsid comm="systemd" exe="/usr/lib/systemd/systemd" hostname=? addr=? terminal=? res=success'
[    8.533951] audit: type=1130 audit(1686883229.573:146): pid=1 uid=0 auid=4294967295 ses=4294967295 msg='unit=iscsi comm="systemd" exe="/usr/lib/systemd/systemd" hostname=? addr=? terminal=? res=success'
[    8.543518] audit: type=1130 audit(1686883229.582:147): pid=1 uid=0 auid=4294967295 ses=4294967295 msg='unit=systemd-user-sessions comm="systemd" exe="/usr/lib/systemd/systemd" hostname=? addr=? terminal=? res=success'
[    8.546796] audit: type=1130 audit(1686883229.586:148): pid=1 uid=0 auid=4294967295 ses=4294967295 msg='unit=atd comm="systemd" exe="/usr/lib/systemd/systemd" hostname=? addr=? terminal=? res=success'
[    8.678217] tun: Universal TUN/TAP device driver, 1.6
[    8.678844] virbr0: port 1(virbr0-nic) entered blocking state
[    8.678845] virbr0: port 1(virbr0-nic) entered disabled state
[    8.678877] device virbr0-nic entered promiscuous mode
[    8.949747] virbr0: port 1(virbr0-nic) entered blocking state
[    8.949751] virbr0: port 1(virbr0-nic) entered listening state
[    8.976651] virbr0: port 1(virbr0-nic) entered disabled state
[   17.366253] kauditd_printk_skb: 152 callbacks suppressed
[   17.366254] audit: type=1100 audit(1686883238.405:205): pid=2401 uid=0 auid=4294967295 ses=4294967295 msg='op=PAM:authentication grantors=pam_faillock,pam_unix acct="root" exe="/usr/bin/login" hostname=localhost.localdomain addr=? terminal=tty1 res=success'
[   17.366609] audit: type=1101 audit(1686883238.405:206): pid=2401 uid=0 auid=4294967295 ses=4294967295 msg='op=PAM:accounting grantors=pam_unix,pam_faillock,pam_localuser acct="root" exe="/usr/bin/login" hostname=localhost.localdomain addr=? terminal=tty1 res=success'
[   17.375023] audit: type=1103 audit(1686883238.414:207): pid=2401 uid=0 auid=4294967295 ses=4294967295 msg='op=PAM:setcred grantors=pam_faillock,pam_unix acct="root" exe="/usr/bin/login" hostname=localhost.localdomain addr=? terminal=tty1 res=success'
[   17.375260] audit: type=1006 audit(1686883238.414:208): pid=2401 uid=0 old-auid=4294967295 auid=0 tty=tty1 old-ses=4294967295 ses=1 res=1
[   17.389538] audit: type=1130 audit(1686883238.428:209): pid=1 uid=0 auid=4294967295 ses=4294967295 msg='unit=user-runtime-dir@0 comm="systemd" exe="/usr/lib/systemd/systemd" hostname=? addr=? terminal=? res=success'
[   17.394906] audit: type=1101 audit(1686883238.434:210): pid=2775 uid=0 auid=4294967295 ses=4294967295 msg='op=PAM:accounting grantors=pam_unix,pam_faillock,pam_localuser acct="root" exe="/usr/lib/systemd/systemd" hostname=? addr=? terminal=? res=success'
[   17.394929] audit: type=1006 audit(1686883238.434:211): pid=2775 uid=0 old-auid=4294967295 auid=0 tty=(none) old-ses=4294967295 ses=2 res=1
[   17.395102] audit: type=1105 audit(1686883238.434:212): pid=2775 uid=0 auid=0 ses=2 msg='op=PAM:session_open grantors=pam_selinux,pam_selinux,pam_loginuid,pam_keyinit,pam_limits,pam_systemd,pam_unix acct="root" exe="/usr/lib/systemd/systemd" hostname=? addr=? terminal=? res=success'
[   17.447696] audit: type=1130 audit(1686883238.487:213): pid=1 uid=0 auid=4294967295 ses=4294967295 msg='unit=user@0 comm="systemd" exe="/usr/lib/systemd/systemd" hostname=? addr=? terminal=? res=success'
[   17.457729] audit: type=1105 audit(1686883238.497:214): pid=2401 uid=0 auid=0 ses=1 msg='op=PAM:session_open grantors=pam_selinux,pam_loginuid,pam_selinux,pam_namespace,pam_keyinit,pam_keyinit,pam_limits,pam_systemd,pam_unix,pam_lastlog acct="root" exe="/usr/bin/login" hostname=localhost.localdomain addr=? terminal=tty1 res=success'
[   25.663243] kauditd_printk_skb: 3 callbacks suppressed
[   25.663245] audit: type=1130 audit(1686883246.702:218): pid=1 uid=0 auid=4294967295 ses=4294967295 msg='unit=NetworkManager-dispatcher comm="systemd" exe="/usr/lib/systemd/systemd" hostname=? addr=? terminal=? res=success'
[   34.342540] audit: type=2404 audit(1686883255.112:219): pid=2909 uid=0 auid=4294967295 ses=4294967295 msg='op=destroy kind=server fp=SHA256:06:99:42:63:f4:d6:43:f4:53:fb:21:0c:b6:2c:65:c6:c2:d6:42:60:f4:fe:6c:3f:03:34:28:0a:2f:0c:57:a5 direction=? spid=2909 suid=0  exe="/usr/sbin/sshd" hostname=? addr=? terminal=? res=success'
[   34.362886] audit: type=2407 audit(1686883255.132:220): pid=2908 uid=0 auid=4294967295 ses=4294967295 msg='op=start direction=from-server cipher=chacha20-poly1305@openssh.com ksize=512 mac=<implicit> pfs=curve25519-sha256 spid=2909 suid=74 rport=55691 laddr=10.9.12.29 lport=22  exe="/usr/sbin/sshd" hostname=? addr=10.7.6.155 terminal=? res=success'
[   34.362938] audit: type=2407 audit(1686883255.132:221): pid=2908 uid=0 auid=4294967295 ses=4294967295 msg='op=start direction=from-client cipher=aes256-gcm@openssh.com ksize=256 mac=<implicit> pfs=curve25519-sha256 spid=2909 suid=74 rport=55691 laddr=10.9.12.29 lport=22  exe="/usr/sbin/sshd" hostname=? addr=10.7.6.155 terminal=? res=success'
[   34.759768] audit: type=1100 audit(1686883255.495:222): pid=2908 uid=0 auid=4294967295 ses=4294967295 msg='op=PAM:authentication grantors=pam_faillock,pam_unix acct="root" exe="/usr/sbin/sshd" hostname=10.7.6.155 addr=10.7.6.155 terminal=ssh res=success'
[   34.774101] audit: type=1101 audit(1686883255.507:223): pid=2908 uid=0 auid=4294967295 ses=4294967295 msg='op=PAM:accounting grantors=pam_unix,pam_localuser acct="root" exe="/usr/sbin/sshd" hostname=10.7.6.155 addr=10.7.6.155 terminal=ssh res=success'
[   34.774578] audit: type=2404 audit(1686883255.508:224): pid=2908 uid=0 auid=4294967295 ses=4294967295 msg='op=destroy kind=session fp=? direction=both spid=2909 suid=74 rport=55691 laddr=10.9.12.29 lport=22  exe="/usr/sbin/sshd" hostname=? addr=10.7.6.155 terminal=? res=success'
[   34.776272] audit: type=1103 audit(1686883255.510:225): pid=2908 uid=0 auid=4294967295 ses=4294967295 msg='op=PAM:setcred grantors=pam_faillock,pam_unix acct="root" exe="/usr/sbin/sshd" hostname=10.7.6.155 addr=10.7.6.155 terminal=ssh res=success'
[   34.776320] audit: type=1006 audit(1686883255.510:226): pid=2908 uid=0 old-auid=4294967295 auid=0 tty=(none) old-ses=4294967295 ses=3 res=1
